Archive member included because of file (symbol)

.\CortexM3\ARM_GCC_493\Debug\Nimbelink 4.0.a(cyfitter_cfg.o)
                              .\CortexM3\ARM_GCC_493\Debug\Cm3Start.o (cyfitter_cfg)
.\CortexM3\ARM_GCC_493\Debug\Nimbelink 4.0.a(CyBootAsmGnu.o)
                              .\CortexM3\ARM_GCC_493\Debug\Nimbelink 4.0.a(cyfitter_cfg.o) (CyDelayCycles)
.\CortexM3\ARM_GCC_493\Debug\Nimbelink 4.0.a(CyLib.o)
                              .\CortexM3\ARM_GCC_493\Debug\Cm3Start.o (CyHalt)
.\CortexM3\ARM_GCC_493\Debug\Nimbelink 4.0.a(cyPm.o)
                              .\CortexM3\ARM_GCC_493\Debug\Nimbelink 4.0.a(CyLib.o) (CyPmReadStatus)
.\CortexM3\ARM_GCC_493\Debug\Nimbelink 4.0.a(I2C_MASTER.o)
                              .\CortexM3\ARM_GCC_493\Debug\I2C_EZPZ.o (I2C_MasterSendStart)
.\CortexM3\ARM_GCC_493\Debug\Nimbelink 4.0.a(RX_ISR.o)
                              .\CortexM3\ARM_GCC_493\Debug\nimbelink.o (RX_ISR_ClearPending)
.\CortexM3\ARM_GCC_493\Debug\Nimbelink 4.0.a(UART_NL.o)
                              .\CortexM3\ARM_GCC_493\Debug\main.o (UART_NL_Start)
.\CortexM3\ARM_GCC_493\Debug\Nimbelink 4.0.a(UART_NL_INT.o)
                              .\CortexM3\ARM_GCC_493\Debug\Nimbelink 4.0.a(UART_NL.o) (UART_NL_RXISR)
.\CortexM3\ARM_GCC_493\Debug\Nimbelink 4.0.a(UART_DEBUG.o)
                              .\CortexM3\ARM_GCC_493\Debug\main.o (UART_DEBUG_Start)
.\CortexM3\ARM_GCC_493\Debug\Nimbelink 4.0.a(UART_DEBUG_INT.o)
                              .\CortexM3\ARM_GCC_493\Debug\Nimbelink 4.0.a(UART_DEBUG.o) (UART_DEBUG_TXISR)
.\CortexM3\ARM_GCC_493\Debug\Nimbelink 4.0.a(UART_NL_IntClock.o)
                              .\CortexM3\ARM_GCC_493\Debug\Nimbelink 4.0.a(UART_NL.o) (UART_NL_IntClock_Start)
.\CortexM3\ARM_GCC_493\Debug\Nimbelink 4.0.a(UART_DEBUG_IntClock.o)
                              .\CortexM3\ARM_GCC_493\Debug\Nimbelink 4.0.a(UART_DEBUG.o) (UART_DEBUG_IntClock_Start)
.\CortexM3\ARM_GCC_493\Debug\Nimbelink 4.0.a(UART_SRV.o)
                              .\CortexM3\ARM_GCC_493\Debug\main.o (UART_SRV_Start)
.\CortexM3\ARM_GCC_493\Debug\Nimbelink 4.0.a(UART_SRV_INT.o)
                              .\CortexM3\ARM_GCC_493\Debug\Nimbelink 4.0.a(UART_SRV.o) (UART_SRV_RXISR)
.\CortexM3\ARM_GCC_493\Debug\Nimbelink 4.0.a(UART_SRV_IntClock.o)
                              .\CortexM3\ARM_GCC_493\Debug\Nimbelink 4.0.a(UART_SRV.o) (UART_SRV_IntClock_Start)
.\CortexM3\ARM_GCC_493\Debug\Nimbelink 4.0.a(CyFlash.o)
                              .\CortexM3\ARM_GCC_493\Debug\Nimbelink 4.0.a(cyPm.o) (CyFlash_SetWaitCycles)
.\CortexM3\ARM_GCC_493\Debug\Nimbelink 4.0.a(CySpc.o)
                              .\CortexM3\ARM_GCC_493\Debug\Nimbelink 4.0.a(CyFlash.o) (CySpcStart)
.\CortexM3\ARM_GCC_493\Debug\Nimbelink 4.0.a(I2C.o)
                              .\CortexM3\ARM_GCC_493\Debug\Nimbelink 4.0.a(I2C_MASTER.o) (I2C_state)
.\CortexM3\ARM_GCC_493\Debug\Nimbelink 4.0.a(I2C_INT.o)
                              .\CortexM3\ARM_GCC_493\Debug\Nimbelink 4.0.a(I2C.o) (I2C_ISR)
.\CortexM3\ARM_GCC_493\Debug\Nimbelink 4.0.a(I2C_PM.o)
                              .\CortexM3\ARM_GCC_493\Debug\Nimbelink 4.0.a(I2C.o) (I2C_backup)
c:/program files (x86)/cypress/psoc creator/3.3/psoc creator/import/gnu/arm/4.9.3/bin/../lib/gcc/arm-none-eabi/4.9.3/armv7-m\libgcc.a(_arm_addsubdf3.o)
                              .\CortexM3\ARM_GCC_493\Debug\herkulex2.o (__aeabi_i2d)
c:/program files (x86)/cypress/psoc creator/3.3/psoc creator/import/gnu/arm/4.9.3/bin/../lib/gcc/arm-none-eabi/4.9.3/armv7-m\libgcc.a(_arm_muldivdf3.o)
                              .\CortexM3\ARM_GCC_493\Debug\herkulex2.o (__aeabi_dmul)
c:/program files (x86)/cypress/psoc creator/3.3/psoc creator/import/gnu/arm/4.9.3/bin/../lib/gcc/arm-none-eabi/4.9.3/armv7-m\libgcc.a(_arm_fixdfsi.o)
                              .\CortexM3\ARM_GCC_493\Debug\herkulex2.o (__aeabi_d2iz)
c:/program files (x86)/cypress/psoc creator/3.3/psoc creator/import/gnu/arm/4.9.3/bin/../lib/gcc/arm-none-eabi/4.9.3/armv7-m\libgcc.a(_arm_truncdfsf2.o)
                              .\CortexM3\ARM_GCC_493\Debug\CMD_Handler.o (__aeabi_d2f)
c:/program files (x86)/cypress/psoc creator/3.3/psoc creator/import/gnu/arm/4.9.3/bin/../lib/gcc/arm-none-eabi/4.9.3/armv7-m\libgcc.a(_arm_addsubsf3.o)
                              .\CortexM3\ARM_GCC_493\Debug\L3GD20_I2C.o (__aeabi_fsub)
c:/program files (x86)/cypress/psoc creator/3.3/psoc creator/import/gnu/arm/4.9.3/bin/../lib/gcc/arm-none-eabi/4.9.3/armv7-m\libgcc.a(_arm_muldivsf3.o)
                              .\CortexM3\ARM_GCC_493\Debug\L3GD20_I2C.o (__aeabi_fmul)
c:/program files (x86)/cypress/psoc creator/3.3/psoc creator/import/gnu/arm/4.9.3/bin/../lib/gcc/arm-none-eabi/4.9.3/armv7-m\libgcc.a(_arm_cmpsf2.o)
                              .\CortexM3\ARM_GCC_493\Debug\herkulex2.o (__aeabi_fcmplt)
[...]
Memory Configuration

Name             Origin             Length             Attributes
rom              0x00000000         0x00040000         xr
ram              0x1fff8000         0x00010000         xrw
*default*        0x00000000         0xffffffff

Linker script and memory map

LOAD c:/program files (x86)/cypress/psoc creator/3.3/psoc creator/import/gnu/arm/4.9.3/bin/../lib/gcc/arm-none-eabi/4.9.3/armv7-m/crti.o
LOAD c:/program files (x86)/cypress/psoc creator/3.3/psoc creator/import/gnu/arm/4.9.3/bin/../lib/gcc/arm-none-eabi/4.9.3/armv7-m/crtbegin.o
LOAD c:/program files (x86)/cypress/psoc creator/3.3/psoc creator/import/gnu/arm/4.9.3/bin/../lib/gcc/arm-none-eabi/4.9.3/../../../../arm-none-eabi/lib/armv7-m/crt0.o
START GROUP
LOAD .\CortexM3\ARM_GCC_493\Debug\main.o
LOAD .\CortexM3\ARM_GCC_493\Debug\nimbelink.o
LOAD .\CortexM3\ARM_GCC_493\Debug\I2C_EZPZ.o
LOAD .\CortexM3\ARM_GCC_493\Debug\L3GD20_I2C.o
LOAD .\CortexM3\ARM_GCC_493\Debug\CMD_Handler.o
LOAD .\CortexM3\ARM_GCC_493\Debug\herkulex2.o
LOAD .\CortexM3\ARM_GCC_493\Debug\cymetadata.o
LOAD .\CortexM3\ARM_GCC_493\Debug\Cm3Start.o
LOAD .\CortexM3\ARM_GCC_493\Debug\Nimbelink 4.0.a
LOAD C:\Program Files (x86)\Cypress\PSoC Creator\3.3\PSoC Creator\psoc\content\cycomponentlibrary\CyComponentLibrary.cylib\CortexM3\ARM_GCC_493\Debug\CyComponentLibrary.a
END GROUP
START GROUP
LOAD c:/program files (x86)/cypress/psoc creator/3.3/psoc creator/import/gnu/arm/4.9.3/bin/../lib/gcc/arm-none-eabi/4.9.3/armv7-m\libgcc.a
LOAD c:/program files (x86)/cypress/psoc creator/3.3/psoc creator/import/gnu/arm/4.9.3/bin/../lib/gcc/arm-none-eabi/4.9.3/../../../../arm-none-eabi/lib/armv7-m\libg_nano.a
LOAD c:/program files (x86)/cypress/psoc creator/3.3/psoc creator/import/gnu/arm/4.9.3/bin/../lib/gcc/arm-none-eabi/4.9.3/../../../../arm-none-eabi/lib/armv7-m\libc_nano.a
END GROUP
START GROUP
LOAD c:/program files (x86)/cypress/psoc creator/3.3/psoc creator/import/gnu/arm/4.9.3/bin/../lib/gcc/arm-none-eabi/4.9.3/armv7-m\libgcc.a
LOAD c:/program files (x86)/cypress/psoc creator/3.3/psoc creator/import/gnu/arm/4.9.3/bin/../lib/gcc/arm-none-eabi/4.9.3/../../../../arm-none-eabi/lib/armv7-m\libc_nano.a
END GROUP
LOAD c:/program files (x86)/cypress/psoc creator/3.3/psoc creator/import/gnu/arm/4.9.3/bin/../lib/gcc/arm-none-eabi/4.9.3/armv7-m/crtend.o
LOAD c:/program files (x86)/cypress/psoc creator/3.3/psoc creator/import/gnu/arm/4.9.3/bin/../lib/gcc/arm-none-eabi/4.9.3/armv7-m/crtn.o
START GROUP
LOAD c:/program files (x86)/cypress/psoc creator/3.3/psoc creator/import/gnu/arm/4.9.3/bin/../lib/gcc/arm-none-eabi/4.9.3/armv7-m\libgcc.a
LOAD c:/program files (x86)/cypress/psoc creator/3.3/psoc creator/import/gnu/arm/4.9.3/bin/../lib/gcc/arm-none-eabi/4.9.3/../../../../arm-none-eabi/lib/armv7-m\libc.a
LOAD c:/program files (x86)/cypress/psoc creator/3.3/psoc creator/import/gnu/arm/4.9.3/bin/../lib/gcc/arm-none-eabi/4.9.3/../../../../arm-none-eabi/lib/armv7-m\libnosys.a
END GROUP
                0x00000000                CY_APPL_ORIGIN = 0x0
                0x00000100                CY_FLASH_ROW_SIZE = 0x100
                0x00000020                CY_ECC_ROW_SIZE = 0x20
                0x00000000                CY_EE_IN_BTLDR = 0x0
                0x00000000                CY_APPL_LOADABLE = 0x0
                0x00000800                CY_EE_SIZE = 0x800
                0x00000001                CY_APPL_NUM = 0x1
                0x00000001                CY_APPL_MAX = 0x1
                0x00000040                CY_METADATA_SIZE = 0x40
                0x00000000                CY_APPL_LOADABLE = 0x0
                0x00000000                CY_CHECKSUM_EXCLUDE_SIZE = ALIGN (0x0, CY_FLASH_ROW_SIZE)
                0x1fff8868                PROVIDE (__cy_heap_start, _end)
                0x00000001                PROVIDE (__cy_region_num, ((__cy_regions_end - __cy_regions) / 0x10))
                0x20008000                PROVIDE (__cy_stack, (ORIGIN (ram) + 0x10000))
                0x20007800                PROVIDE (__cy_heap_end, (__cy_stack - 0x800))

.cybootloader   0x00000000        0x0
 *(.cybootloader)
                0x00000000                appl1_start = CY_APPL_ORIGIN?CY_APPL_ORIGIN:ALIGN (CY_FLASH_ROW_SIZE)
                0x0001ff00                appl2_start = (appl1_start + ALIGN ((((0x40000 - appl1_start) - (0x2 * CY_FLASH_ROW_SIZE)) / 0x2), CY_FLASH_ROW_SIZE))
                0x00000000                appl_start = (CY_APPL_NUM == 0x1)?appl1_start:appl2_start
                0x00000000                ecc_offset = ((appl_start / CY_FLASH_ROW_SIZE) * CY_ECC_ROW_SIZE)
                0x00000000                ee_offset = (CY_APPL_LOADABLE && ! (CY_EE_IN_BTLDR))?((CY_EE_SIZE / CY_APPL_MAX) * (CY_APPL_NUM - 0x1)):0x0
                0x00000800                ee_size = (CY_APPL_LOADABLE && ! (CY_EE_IN_BTLDR))?(CY_EE_SIZE / CY_APPL_MAX):CY_EE_SIZE
                0x00000000                PROVIDE (CY_ECC_OFFSET, ecc_offset)

.text           0x00000000     0x4de4
 CREATE_OBJECT_SYMBOLS
                0x00000000                PROVIDE (__cy_interrupt_vector, RomVectors)
 *(.romvectors)
 .romvectors    0x00000000       0x10 .\CortexM3\ARM_GCC_493\Debug\Cm3Start.o
                0x00000000                RomVectors
                0x00000001                ASSERT ((. != __cy_interrupt_vector), No interrupt vector)
                0x00000001                ASSERT (CY_APPL_ORIGIN?(SIZEOF (.cybootloader) <= CY_APPL_ORIGIN):0x1, Wrong image location)
                0x00000010                PROVIDE (__cy_reset, Reset)
 *(.text.Reset)
 .text.Reset    0x00000010       0x18 .\CortexM3\ARM_GCC_493\Debug\Cm3Start.o
                0x00000010                Reset
                0x00000001                ASSERT ((. != __cy_reset), No reset code)
 *(.dma_init)
                0x00000001                ASSERT ((((appl_start + .) <= 0x10000) || 0x1), DMA Init must be within the first 64k of flash)
 *(.text .text.* .gnu.linkonce.t.*)
 .text          0x00000028       0x5c c:/program files (x86)/cypress/psoc creator/3.3/psoc creator/import/gnu/arm/4.9.3/bin/../lib/gcc/arm-none-eabi/4.9.3/armv7-m/crtbegin.o
 .text.main     0x00000084       0x44 .\CortexM3\ARM_GCC_493\Debug\main.o
                0x00000084                main
 .text.substring
                0x000000c8        0xc .\CortexM3\ARM_GCC_493\Debug\nimbelink.o
                0x000000c8                substring
 .text.msg_parse
                0x000000d4       0x74 .\CortexM3\ARM_GCC_493\Debug\nimbelink.o
                0x000000d4                msg_parse
 .text.data_parse
                0x00000148       0xdc .\CortexM3\ARM_GCC_493\Debug\nimbelink.o
                0x00000148                data_parse
 .text.writeCMD
                0x00000224       0x58 .\CortexM3\ARM_GCC_493\Debug\nimbelink.o
                0x00000224                writeCMD
 .text.writePARAM
                0x0000027c       0x2c .\CortexM3\ARM_GCC_493\Debug\nimbelink.o
                0x0000027c                writePARAM
 .text.NL_TX    0x000002a8       0x94 .\CortexM3\ARM_GCC_493\Debug\nimbelink.o
                0x000002a8                NL_TX
 .text.NL_RX    0x0000033c       0x3c .\CortexM3\ARM_GCC_493\Debug\nimbelink.o
                0x0000033c                NL_RX
 .text.NL_scktsend
                0x00000378       0x54 .\CortexM3\ARM_GCC_493\Debug\nimbelink.o
                0x00000378                NL_scktsend
 .text.NL_sendSMS
                0x000003cc       0x68 .\CortexM3\ARM_GCC_493\Debug\nimbelink.o
                0x000003cc                NL_sendSMS
 .text.NL_recvSMS
                0x00000434       0xa0 .\CortexM3\ARM_GCC_493\Debug\nimbelink.o
                0x00000434                NL_recvSMS
 .text.Nimbelink_Start
                0x000004d4       0x8c .\CortexM3\ARM_GCC_493\Debug\nimbelink.o
                0x000004d4                Nimbelink_Start
 .text.Nimbelink_ConnectGS
                0x00000560      0x21c .\CortexM3\ARM_GCC_493\Debug\nimbelink.o
                0x00000560                Nimbelink_ConnectGS
 .text.Nimbelink_GSDataXfer
                0x0000077c       0x14 .\CortexM3\ARM_GCC_493\Debug\nimbelink.o
                0x0000077c                Nimbelink_GSDataXfer
 .text.ServoCMD
                0x00000790       0x8c .\CortexM3\ARM_GCC_493\Debug\CMD_Handler.o
                0x00000790                ServoCMD
 .text.CMD_SEND
                0x0000081c       0x6c .\CortexM3\ARM_GCC_493\Debug\CMD_Handler.o
                0x0000081c                CMD_SEND
 .text.clearBuffer
                0x00000888        0xc .\CortexM3\ARM_GCC_493\Debug\herkulex2.o
                0x00000888                clearBuffer
 .text.checksum1
                0x00000894       0x48 .\CortexM3\ARM_GCC_493\Debug\herkulex2.o
                0x00000894                checksum1
 .text.checksum2
                0x000008dc        0x8 .\CortexM3\ARM_GCC_493\Debug\herkulex2.o
                0x000008dc                checksum2
 .text.sendData
                0x000008e4       0x1c .\CortexM3\ARM_GCC_493\Debug\herkulex2.o
                0x000008e4                sendData
 .text.Servo_torqueON
                0x00000900       0x90 .\CortexM3\ARM_GCC_493\Debug\herkulex2.o
                0x00000900                Servo_torqueON
 .text.Servo_ACK
                0x00000990       0x90 .\CortexM3\ARM_GCC_493\Debug\herkulex2.o
                0x00000990                Servo_ACK
 .text.Servo_clearError
                0x00000a20       0x98 .\CortexM3\ARM_GCC_493\Debug\herkulex2.o
                0x00000a20                Servo_clearError
 .text.Servo_setLED
                0x00000ab8       0x90 .\CortexM3\ARM_GCC_493\Debug\herkulex2.o
                0x00000ab8                Servo_setLED
 .text.Servo_moveOne
                0x00000b48      0x11c .\CortexM3\ARM_GCC_493\Debug\herkulex2.o
                0x00000b48                Servo_moveOne
 *fill*         0x00000c64        0x4 
 .text.Servo_moveOneAngle
                0x00000c68       0x58 .\CortexM3\ARM_GCC_493\Debug\herkulex2.o
                0x00000c68                Servo_moveOneAngle
 .text.Servo_Start
                0x00000cc0       0x74 .\CortexM3\ARM_GCC_493\Debug\herkulex2.o
                0x00000cc0                Servo_Start
 .text.Servo_moveSpeedOne
                0x00000d34      0x124 .\CortexM3\ARM_GCC_493\Debug\herkulex2.o
                0x00000d34                Servo_moveSpeedOne
 .text.IntDefaultHandler
                0x00000e58        0x4 .\CortexM3\ARM_GCC_493\Debug\Cm3Start.o
                0x00000e58                IntDefaultHandler
 .text._sbrk    0x00000e5c       0x30 .\CortexM3\ARM_GCC_493\Debug\Cm3Start.o
                0x00000e5c                _sbrk
 .text.Start_c  0x00000e8c       0x4c .\CortexM3\ARM_GCC_493\Debug\Cm3Start.o
                0x00000e8c                Start_c
 .text.initialize_psoc
                0x00000ed8       0x74 .\CortexM3\ARM_GCC_493\Debug\Cm3Start.o
                0x00000ed8                initialize_psoc
 .text.CyClockStartupError
                0x00000f4c        0x4 .\CortexM3\ARM_GCC_493\Debug\Nimbelink 4.0.a(cyfitter_cfg.o)
 .text.cfg_write_bytes32
                0x00000f50       0x34 .\CortexM3\ARM_GCC_493\Debug\Nimbelink 4.0.a(cyfitter_cfg.o)
 .text.AnalogSetDefault
                0x00000f84       0x30 .\CortexM3\ARM_GCC_493\Debug\Nimbelink 4.0.a(cyfitter_cfg.o)
 .text.CYMEMZERO
                0x00000fb4        0xc .\CortexM3\ARM_GCC_493\Debug\Nimbelink 4.0.a(cyfitter_cfg.o)
 .text.ClockSetup
                0x00000fc0       0xcc .\CortexM3\ARM_GCC_493\Debug\Nimbelink 4.0.a(cyfitter_cfg.o)
 .text.CYCONFIGCPY
                0x0000108c        0x8 .\CortexM3\ARM_GCC_493\Debug\Nimbelink 4.0.a(cyfitter_cfg.o)
 .text.cyfitter_cfg
                0x00001094      0x12c .\CortexM3\ARM_GCC_493\Debug\Nimbelink 4.0.a(cyfitter_cfg.o)
                0x00001094                cyfitter_cfg
 .text          0x000011c0       0x20 .\CortexM3\ARM_GCC_493\Debug\Nimbelink 4.0.a(CyBootAsmGnu.o)
                0x000011c0                CyDelayCycles
                0x000011d0                CyEnterCriticalSection
                0x000011d8                CyExitCriticalSection
 .text.CyHalt   0x000011e0        0x4 .\CortexM3\ARM_GCC_493\Debug\Nimbelink 4.0.a(CyLib.o)
                0x000011e0                CyHalt
 .text.CyDelay  0x000011e4       0x2c .\CortexM3\ARM_GCC_493\Debug\Nimbelink 4.0.a(CyLib.o)
                0x000011e4                CyDelay
 .text.CyIntSetVector
                0x00001210       0x28 .\CortexM3\ARM_GCC_493\Debug\Nimbelink 4.0.a(CyLib.o)
                0x00001210                CyIntSetVector
 .text.CyIntSetPriority
                0x00001238       0x30 .\CortexM3\ARM_GCC_493\Debug\Nimbelink 4.0.a(CyLib.o)
                0x00001238                CyIntSetPriority
 .text.UART_NL_Init
                0x00001268       0x5c .\CortexM3\ARM_GCC_493\Debug\Nimbelink 4.0.a(UART_NL.o)
                0x00001268                UART_NL_Init
 .text.UART_NL_Enable
                0x000012c4       0x50 .\CortexM3\ARM_GCC_493\Debug\Nimbelink 4.0.a(UART_NL.o)
                0x000012c4                UART_NL_Enable
 .text.UART_NL_Start
                0x00001314       0x1c .\CortexM3\ARM_GCC_493\Debug\Nimbelink 4.0.a(UART_NL.o)
                0x00001314                UART_NL_Start
 .text.UART_NL_GetChar
                0x00001330       0x80 .\CortexM3\ARM_GCC_493\Debug\Nimbelink 4.0.a(UART_NL.o)
                0x00001330                UART_NL_GetChar
 .text.UART_NL_GetRxBufferSize
                0x000013b0       0x5c .\CortexM3\ARM_GCC_493\Debug\Nimbelink 4.0.a(UART_NL.o)
                0x000013b0                UART_NL_GetRxBufferSize
 .text.UART_NL_ClearRxBuffer
                0x0000140c       0x44 .\CortexM3\ARM_GCC_493\Debug\Nimbelink 4.0.a(UART_NL.o)
                0x0000140c                UART_NL_ClearRxBuffer
 .text.UART_NL_PutChar
                0x00001450       0x70 .\CortexM3\ARM_GCC_493\Debug\Nimbelink 4.0.a(UART_NL.o)
                0x00001450                UART_NL_PutChar
 .text.UART_NL_PutString
                0x000014c0       0x24 .\CortexM3\ARM_GCC_493\Debug\Nimbelink 4.0.a(UART_NL.o)
                0x000014c0                UART_NL_PutString
 .text.UART_NL_ClearTxBuffer
                0x000014e4       0x40 .\CortexM3\ARM_GCC_493\Debug\Nimbelink 4.0.a(UART_NL.o)
                0x000014e4                UART_NL_ClearTxBuffer
 .text.UART_NL_RXISR
                0x00001524       0x94 .\CortexM3\ARM_GCC_493\Debug\Nimbelink 4.0.a(UART_NL_INT.o)
                0x00001524                UART_NL_RXISR
 .text.UART_NL_TXISR
                0x000015b8       0x58 .\CortexM3\ARM_GCC_493\Debug\Nimbelink 4.0.a(UART_NL_INT.o)
                0x000015b8                UART_NL_TXISR
 .text.UART_DEBUG_Init
                0x00001610       0x30 .\CortexM3\ARM_GCC_493\Debug\Nimbelink 4.0.a(UART_DEBUG.o)
                0x00001610                UART_DEBUG_Init
 .text.UART_DEBUG_Enable
                0x00001640       0x34 .\CortexM3\ARM_GCC_493\Debug\Nimbelink 4.0.a(UART_DEBUG.o)
                0x00001640                UART_DEBUG_Enable
 .text.UART_DEBUG_Start
                0x00001674       0x1c .\CortexM3\ARM_GCC_493\Debug\Nimbelink 4.0.a(UART_DEBUG.o)
                0x00001674                UART_DEBUG_Start
 .text.UART_DEBUG_PutChar
                0x00001690       0x70 .\CortexM3\ARM_GCC_493\Debug\Nimbelink 4.0.a(UART_DEBUG.o)
                0x00001690                UART_DEBUG_PutChar
 .text.UART_DEBUG_PutString
                0x00001700       0x24 .\CortexM3\ARM_GCC_493\Debug\Nimbelink 4.0.a(UART_DEBUG.o)
                0x00001700                UART_DEBUG_PutString
 .text.UART_DEBUG_ClearTxBuffer
                0x00001724       0x40 .\CortexM3\ARM_GCC_493\Debug\Nimbelink 4.0.a(UART_DEBUG.o)
                0x00001724                UART_DEBUG_ClearTxBuffer
 .text.UART_DEBUG_TXISR
                0x00001764       0x58 .\CortexM3\ARM_GCC_493\Debug\Nimbelink 4.0.a(UART_DEBUG_INT.o)
                0x00001764                UART_DEBUG_TXISR
 .text.UART_NL_IntClock_Start
                0x000017bc       0x1c .\CortexM3\ARM_GCC_493\Debug\Nimbelink 4.0.a(UART_NL_IntClock.o)
                0x000017bc                UART_NL_IntClock_Start
 .text.UART_DEBUG_IntClock_Start
                0x000017d8       0x1c .\CortexM3\ARM_GCC_493\Debug\Nimbelink 4.0.a(UART_DEBUG_IntClock.o)
                0x000017d8                UART_DEBUG_IntClock_Start
 .text.UART_SRV_Init
                0x000017f4       0x60 .\CortexM3\ARM_GCC_493\Debug\Nimbelink 4.0.a(UART_SRV.o)
                0x000017f4                UART_SRV_Init
 .text.UART_SRV_Enable
                0x00001854       0x54 .\CortexM3\ARM_GCC_493\Debug\Nimbelink 4.0.a(UART_SRV.o)
                0x00001854                UART_SRV_Enable
 .text.UART_SRV_Start
                0x000018a8       0x1c .\CortexM3\ARM_GCC_493\Debug\Nimbelink 4.0.a(UART_SRV.o)
                0x000018a8                UART_SRV_Start
 .text.UART_SRV_ClearRxBuffer
                0x000018c4       0x44 .\CortexM3\ARM_GCC_493\Debug\Nimbelink 4.0.a(UART_SRV.o)
                0x000018c4                UART_SRV_ClearRxBuffer
 .text.UART_SRV_PutChar
                0x00001908       0x70 .\CortexM3\ARM_GCC_493\Debug\Nimbelink 4.0.a(UART_SRV.o)
                0x00001908                UART_SRV_PutChar
 .text.UART_SRV_PutArray
                0x00001978       0x28 .\CortexM3\ARM_GCC_493\Debug\Nimbelink 4.0.a(UART_SRV.o)
                0x00001978                UART_SRV_PutArray
 .text.UART_SRV_ClearTxBuffer
                0x000019a0       0x40 .\CortexM3\ARM_GCC_493\Debug\Nimbelink 4.0.a(UART_SRV.o)
                0x000019a0                UART_SRV_ClearTxBuffer
 .text.UART_SRV_RXISR
                0x000019e0       0x94 .\CortexM3\ARM_GCC_493\Debug\Nimbelink 4.0.a(UART_SRV_INT.o)
                0x000019e0                UART_SRV_RXISR
 .text.UART_SRV_TXISR
                0x00001a74       0x58 .\CortexM3\ARM_GCC_493\Debug\Nimbelink 4.0.a(UART_SRV_INT.o)
                0x00001a74                UART_SRV_TXISR
 .text.UART_SRV_IntClock_Start
                0x00001acc       0x1c .\CortexM3\ARM_GCC_493\Debug\Nimbelink 4.0.a(UART_SRV_IntClock.o)
                0x00001acc                UART_SRV_IntClock_Start
 .text          0x00001ae8      0x370 c:/program files (x86)/cypress/psoc creator/3.3/psoc creator/import/gnu/arm/4.9.3/bin/../lib/gcc/arm-none-eabi/4.9.3/armv7-m\libgcc.a(_arm_addsubdf3.o)
                0x00001ae8                __aeabi_drsub
                0x00001af0                __aeabi_dsub
                0x00001af0                __subdf3
                0x00001af4                __aeabi_dadd
                0x00001af4                __adddf3
                0x00001d6c                __floatunsidf
                0x00001d6c                __aeabi_ui2d
                0x00001d8c                __floatsidf
                0x00001d8c                __aeabi_i2d
                0x00001db0                __aeabi_f2d
                0x00001db0                __extendsfdf2
                0x00001dec                __floatundidf
                0x00001dec                __aeabi_ul2d
                0x00001dfc                __floatdidf
                0x00001dfc                __aeabi_l2d
 .text          0x00001e58      0x424 c:/program files (x86)/cypress/psoc creator/3.3/psoc creator/import/gnu/arm/4.9.3/bin/../lib/gcc/arm-none-eabi/4.9.3/armv7-m\libgcc.a(_arm_muldivdf3.o)
                0x00001e58                __aeabi_dmul
                0x00001e58                __muldf3
                0x000020ac                __divdf3
                0x000020ac                __aeabi_ddiv
 .text          0x0000227c       0x50 c:/program files (x86)/cypress/psoc creator/3.3/psoc creator/import/gnu/arm/4.9.3/bin/../lib/gcc/arm-none-eabi/4.9.3/armv7-m\libgcc.a(_arm_fixdfsi.o)
                0x0000227c                __aeabi_d2iz
                0x0000227c                __fixdfsi
 .text          0x000022cc       0xa0 c:/program files (x86)/cypress/psoc creator/3.3/psoc creator/import/gnu/arm/4.9.3/bin/../lib/gcc/arm-none-eabi/4.9.3/armv7-m\libgcc.a(_arm_truncdfsf2.o)
                0x000022cc                __truncdfsf2
                0x000022cc                __aeabi_d2f
 .text          0x0000236c      0x21c c:/program files (x86)/cypress/psoc creator/3.3/psoc creator/import/gnu/arm/4.9.3/bin/../lib/gcc/arm-none-eabi/4.9.3/armv7-m\libgcc.a(_arm_addsubsf3.o)
                0x0000236c                __aeabi_frsub
                0x00002374                __subsf3
                0x00002374                __aeabi_fsub
                0x00002378                __aeabi_fadd
                0x00002378                __addsf3
                0x000024d8                __aeabi_ui2f
                0x000024d8                __floatunsisf
                0x000024e0                __aeabi_i2f
                0x000024e0                __floatsisf
                0x000024fc                __aeabi_ul2f
                0x000024fc                __floatundisf
                0x0000250c                __aeabi_l2f
                0x0000250c                __floatdisf
 .text          0x00002588       0xec c:/program files (x86)/cypress/psoc creator/3.3/psoc creator/import/gnu/arm/4.9.3/bin/../lib/gcc/arm-none-eabi/4.9.3/armv7-m\libgcc.a(_arm_cmpsf2.o)
                0x00002588                __gesf2
                0x00002588                __gtsf2
                0x00002590                __lesf2
                0x00002590                __ltsf2
                0x00002598                __nesf2
                0x00002598                __eqsf2
                0x00002598                __cmpsf2
                0x000025f8                __aeabi_cfrcmple
                0x00002600                __aeabi_cfcmpeq
                0x00002600                __aeabi_cfcmple
                0x00002610                __aeabi_fcmpeq
                0x00002624                __aeabi_fcmplt
                0x00002638                __aeabi_fcmple
                0x0000264c                __aeabi_fcmpge
                0x00002660                __aeabi_fcmpgt
 .text.atof     0x00002674        0x6 c:/program files (x86)/cypress/psoc creator/3.3/psoc creator/import/gnu/arm/4.9.3/bin/../lib/gcc/arm-none-eabi/4.9.3/../../../../arm-none-eabi/lib/armv7-m\libg_nano.a(lib_a-atof.o)
                0x00002674                atof
 .text.atoi     0x0000267a        0x8 c:/program files (x86)/cypress/psoc creator/3.3/psoc creator/import/gnu/arm/4.9.3/bin/../lib/gcc/arm-none-eabi/4.9.3/../../../../arm-none-eabi/lib/armv7-m\libg_nano.a(lib_a-atoi.o)
                0x0000267a                atoi
 *fill*         0x00002682        0x2 
 .text.__errno  0x00002684        0xc c:/program files (x86)/cypress/psoc creator/3.3/psoc creator/import/gnu/arm/4.9.3/bin/../lib/gcc/arm-none-eabi/4.9.3/../../../../arm-none-eabi/lib/armv7-m\libg_nano.a(lib_a-errno.o)
                0x00002684                __errno
 .text.__libc_init_array
                0x00002690       0x4c c:/program files (x86)/cypress/psoc creator/3.3/psoc creator/import/gnu/arm/4.9.3/bin/../lib/gcc/arm-none-eabi/4.9.3/../../../../arm-none-eabi/lib/armv7-m\libg_nano.a(lib_a-init.o)
                0x00002690                __libc_init_array
 .text.memcpy   0x000026dc       0x16 c:/program files (x86)/cypress/psoc creator/3.3/psoc creator/import/gnu/arm/4.9.3/bin/../lib/gcc/arm-none-eabi/4.9.3/../../../../arm-none-eabi/lib/armv7-m\libg_nano.a(lib_a-memcpy.o)
                0x000026dc                memcpy
 .text.memset   0x000026f2       0x10 c:/program files (x86)/cypress/psoc creator/3.3/psoc creator/import/gnu/arm/4.9.3/bin/../lib/gcc/arm-none-eabi/4.9.3/../../../../arm-none-eabi/lib/armv7-m\libg_nano.a(lib_a-memset.o)
                0x000026f2                memset
 *fill*         0x00002702        0x2 
 .text.sprintf  0x00002704       0x48 c:/program files (x86)/cypress/psoc creator/3.3/psoc creator/import/gnu/arm/4.9.3/bin/../lib/gcc/arm-none-eabi/4.9.3/../../../../arm-none-eabi/lib/armv7-m\libg_nano.a(lib_a-sprintf.o)
                0x00002704                siprintf
                0x00002704                sprintf
 .text.strcat   0x0000274c       0x1e c:/program files (x86)/cypress/psoc creator/3.3/psoc creator/import/gnu/arm/4.9.3/bin/../lib/gcc/arm-none-eabi/4.9.3/../../../../arm-none-eabi/lib/armv7-m\libg_nano.a(lib_a-strcat.o)
                0x0000274c                strcat
 .text.strcpy   0x0000276a       0x10 c:/program files (x86)/cypress/psoc creator/3.3/psoc creator/import/gnu/arm/4.9.3/bin/../lib/gcc/arm-none-eabi/4.9.3/../../../../arm-none-eabi/lib/armv7-m\libg_nano.a(lib_a-strcpy.o)
                0x0000276a                strcpy
 .text.strlen   0x0000277a       0x10 c:/program files (x86)/cypress/psoc creator/3.3/psoc creator/import/gnu/arm/4.9.3/bin/../lib/gcc/arm-none-eabi/4.9.3/../../../../arm-none-eabi/lib/armv7-m\libg_nano.a(lib_a-strlen.o)
                0x0000277a                strlen
 .text.strstr   0x0000278a       0x30 c:/program files (x86)/cypress/psoc creator/3.3/psoc creator/import/gnu/arm/4.9.3/bin/../lib/gcc/arm-none-eabi/4.9.3/../../../../arm-none-eabi/lib/armv7-m\libg_nano.a(lib_a-strstr.o)
                0x0000278a                strstr
 .text.match    0x000027ba       0x26 c:/program files (x86)/cypress/psoc creator/3.3/psoc creator/import/gnu/arm/4.9.3/bin/../lib/gcc/arm-none-eabi/4.9.3/../../../../arm-none-eabi/lib/armv7-m\libg_nano.a(lib_a-strtod.o)
 .text.sulp     0x000027e0       0x42 c:/program files (x86)/cypress/psoc creator/3.3/psoc creator/import/gnu/arm/4.9.3/bin/../lib/gcc/arm-none-eabi/4.9.3/../../../../arm-none-eabi/lib/armv7-m\libg_nano.a(lib_a-strtod.o)
 *fill*         0x00002822        0x6 
 .text._strtod_r
                0x00002828      0xc40 c:/program files (x86)/cypress/psoc creator/3.3/psoc creator/import/gnu/arm/4.9.3/bin/../lib/gcc/arm-none-eabi/4.9.3/../../../../arm-none-eabi/lib/armv7-m\libg_nano.a(lib_a-strtod.o)
                0x00002828                _strtod_r
 .text.strtod   0x00003468       0x14 c:/program files (x86)/cypress/psoc creator/3.3/psoc creator/import/gnu/arm/4.9.3/bin/../lib/gcc/arm-none-eabi/4.9.3/../../../../arm-none-eabi/lib/armv7-m\libg_nano.a(lib_a-strtod.o)
                0x00003468                strtod
 .text.strtok   0x0000347c       0x64 c:/program files (x86)/cypress/psoc creator/3.3/psoc creator/import/gnu/arm/4.9.3/bin/../lib/gcc/arm-none-eabi/4.9.3/../../../../arm-none-eabi/lib/armv7-m\libg_nano.a(lib_a-strtok.o)
                0x0000347c                strtok
 .text.__strtok_r
                0x000034e0       0x56 c:/program files (x86)/cypress/psoc creator/3.3/psoc creator/import/gnu/arm/4.9.3/bin/../lib/gcc/arm-none-eabi/4.9.3/../../../../arm-none-eabi/lib/armv7-m\libg_nano.a(lib_a-strtok_r.o)
                0x000034e0                __strtok_r
 *fill*         0x00003536        0x2 
 .text._strtol_r
                0x00003538      0x10c c:/program files (x86)/cypress/psoc creator/3.3/psoc creator/import/gnu/arm/4.9.3/bin/../lib/gcc/arm-none-eabi/4.9.3/../../../../arm-none-eabi/lib/armv7-m\libg_nano.a(lib_a-strtol.o)
                0x00003538                _strtol_r
 .text.strtol   0x00003644       0x1c c:/program files (x86)/cypress/psoc creator/3.3/psoc creator/import/gnu/arm/4.9.3/bin/../lib/gcc/arm-none-eabi/4.9.3/../../../../arm-none-eabi/lib/armv7-m\libg_nano.a(lib_a-strtol.o)
                0x00003644                strtol
 .text.rshift   0x00003660       0x6c c:/program files (x86)/cypress/psoc creator/3.3/psoc creator/import/gnu/arm/4.9.3/bin/../lib/gcc/arm-none-eabi/4.9.3/../../../../arm-none-eabi/lib/armv7-m\libg_nano.a(lib_a-gdtoa-gethex.o)
 .text.__hexdig_fun
                0x000036cc       0x2a c:/program files (x86)/cypress/psoc creator/3.3/psoc creator/import/gnu/arm/4.9.3/bin/../lib/gcc/arm-none-eabi/4.9.3/../../../../arm-none-eabi/lib/armv7-m\libg_nano.a(lib_a-gdtoa-gethex.o)
                0x000036cc                __hexdig_fun
 .text.__gethex
                0x000036f6      0x44a c:/program files (x86)/cypress/psoc creator/3.3/psoc creator/import/gnu/arm/4.9.3/bin/../lib/gcc/arm-none-eabi/4.9.3/../../../../arm-none-eabi/lib/armv7-m\libg_nano.a(lib_a-gdtoa-gethex.o)
                0x000036f6                __gethex
 .text.L_shift  0x00003b40       0x24 c:/program files (x86)/cypress/psoc creator/3.3/psoc creator/import/gnu/arm/4.9.3/bin/../lib/gcc/arm-none-eabi/4.9.3/../../../../arm-none-eabi/lib/armv7-m\libg_nano.a(lib_a-gdtoa-hexnan.o)
 .text.__hexnan
                0x00003b64      0x114 c:/program files (x86)/cypress/psoc creator/3.3/psoc creator/import/gnu/arm/4.9.3/bin/../lib/gcc/arm-none-eabi/4.9.3/../../../../arm-none-eabi/lib/armv7-m\libg_nano.a(lib_a-gdtoa-hexnan.o)
                0x00003b64                __hexnan
 .text._localeconv_r
                0x00003c78        0x8 c:/program files (x86)/cypress/psoc creator/3.3/psoc creator/import/gnu/arm/4.9.3/bin/../lib/gcc/arm-none-eabi/4.9.3/../../../../arm-none-eabi/lib/armv7-m\libg_nano.a(lib_a-locale.o)
                0x00003c78                _localeconv_r
 .text.malloc   0x00003c80       0x10 c:/program files (x86)/cypress/psoc creator/3.3/psoc creator/import/gnu/arm/4.9.3/bin/../lib/gcc/arm-none-eabi/4.9.3/../../../../arm-none-eabi/lib/armv7-m\libg_nano.a(lib_a-malloc.o)
                0x00003c80                malloc
 .text._Balloc  0x00003c90       0x6a c:/program files (x86)/cypress/psoc creator/3.3/psoc creator/import/gnu/arm/4.9.3/bin/../lib/gcc/arm-none-eabi/4.9.3/../../../../arm-none-eabi/lib/armv7-m\libg_nano.a(lib_a-mprec.o)
                0x00003c90                _Balloc
 .text._Bfree   0x00003cfa       0x2e c:/program files (x86)/cypress/psoc creator/3.3/psoc creator/import/gnu/arm/4.9.3/bin/../lib/gcc/arm-none-eabi/4.9.3/../../../../arm-none-eabi/lib/armv7-m\libg_nano.a(lib_a-mprec.o)
                0x00003cfa                _Bfree
 .text.__multadd
                0x00003d28       0x7c c:/program files (x86)/cypress/psoc creator/3.3/psoc creator/import/gnu/arm/4.9.3/bin/../lib/gcc/arm-none-eabi/4.9.3/../../../../arm-none-eabi/lib/armv7-m\libg_nano.a(lib_a-mprec.o)
                0x00003d28                __multadd
 .text.__s2b    0x00003da4       0x80 c:/program files (x86)/cypress/psoc creator/3.3/psoc creator/import/gnu/arm/4.9.3/bin/../lib/gcc/arm-none-eabi/4.9.3/../../../../arm-none-eabi/lib/armv7-m\libg_nano.a(lib_a-mprec.o)
                0x00003da4                __s2b
 .text.__hi0bits
                0x00003e24       0x40 c:/program files (x86)/cypress/psoc creator/3.3/psoc creator/import/gnu/arm/4.9.3/bin/../lib/gcc/arm-none-eabi/4.9.3/../../../../arm-none-eabi/lib/armv7-m\libg_nano.a(lib_a-mprec.o)
                0x00003e24                __hi0bits
 .text.__lo0bits
                0x00003e64       0x5a c:/program files (x86)/cypress/psoc creator/3.3/psoc creator/import/gnu/arm/4.9.3/bin/../lib/gcc/arm-none-eabi/4.9.3/../../../../arm-none-eabi/lib/armv7-m\libg_nano.a(lib_a-mprec.o)
                0x00003e64                __lo0bits
 .text.__i2b    0x00003ebe       0x12 c:/program files (x86)/cypress/psoc creator/3.3/psoc creator/import/gnu/arm/4.9.3/bin/../lib/gcc/arm-none-eabi/4.9.3/../../../../arm-none-eabi/lib/armv7-m\libg_nano.a(lib_a-mprec.o)
                0x00003ebe                __i2b
 .text.__multiply
                0x00003ed0      0x120 c:/program files (x86)/cypress/psoc creator/3.3/psoc creator/import/gnu/arm/4.9.3/bin/../lib/gcc/arm-none-eabi/4.9.3/../../../../arm-none-eabi/lib/armv7-m\libg_nano.a(lib_a-mprec.o)
                0x00003ed0                __multiply
 .text.__pow5mult
                0x00003ff0       0x9c c:/program files (x86)/cypress/psoc creator/3.3/psoc creator/import/gnu/arm/4.9.3/bin/../lib/gcc/arm-none-eabi/4.9.3/../../../../arm-none-eabi/lib/armv7-m\libg_nano.a(lib_a-mprec.o)
                0x00003ff0                __pow5mult
 .text.__lshift
                0x0000408c       0xa6 c:/program files (x86)/cypress/psoc creator/3.3/psoc creator/import/gnu/arm/4.9.3/bin/../lib/gcc/arm-none-eabi/4.9.3/../../../../arm-none-eabi/lib/armv7-m\libg_nano.a(lib_a-mprec.o)
                0x0000408c                __lshift
 .text.__mcmp   0x00004132       0x38 c:/program files (x86)/cypress/psoc creator/3.3/psoc creator/import/gnu/arm/4.9.3/bin/../lib/gcc/arm-none-eabi/4.9.3/../../../../arm-none-eabi/lib/armv7-m\libg_nano.a(lib_a-mprec.o)
                0x00004132                __mcmp
 .text.__mdiff  0x0000416a       0xbe c:/program files (x86)/cypress/psoc creator/3.3/psoc creator/import/gnu/arm/4.9.3/bin/../lib/gcc/arm-none-eabi/4.9.3/../../../../arm-none-eabi/lib/armv7-m\libg_nano.a(lib_a-mprec.o)
                0x0000416a                __mdiff
 .text.__ulp    0x00004228       0x48 c:/program files (x86)/cypress/psoc creator/3.3/psoc creator/import/gnu/arm/4.9.3/bin/../lib/gcc/arm-none-eabi/4.9.3/../../../../arm-none-eabi/lib/armv7-m\libg_nano.a(lib_a-mprec.o)
                0x00004228                __ulp
 .text.__b2d    0x00004270       0x9e c:/program files (x86)/cypress/psoc creator/3.3/psoc creator/import/gnu/arm/4.9.3/bin/../lib/gcc/arm-none-eabi/4.9.3/../../../../arm-none-eabi/lib/armv7-m\libg_nano.a(lib_a-mprec.o)
                0x00004270                __b2d
 .text.__d2b    0x0000430e       0xa4 c:/program files (x86)/cypress/psoc creator/3.3/psoc creator/import/gnu/arm/4.9.3/bin/../lib/gcc/arm-none-eabi/4.9.3/../../../../arm-none-eabi/lib/armv7-m\libg_nano.a(lib_a-mprec.o)
                0x0000430e                __d2b
 .text.__ratio  0x000043b2       0x50 c:/program files (x86)/cypress/psoc creator/3.3/psoc creator/import/gnu/arm/4.9.3/bin/../lib/gcc/arm-none-eabi/4.9.3/../../../../arm-none-eabi/lib/armv7-m\libg_nano.a(lib_a-mprec.o)
                0x000043b2                __ratio
 .text.__copybits
                0x00004402       0x34 c:/program files (x86)/cypress/psoc creator/3.3/psoc creator/import/gnu/arm/4.9.3/bin/../lib/gcc/arm-none-eabi/4.9.3/../../../../arm-none-eabi/lib/armv7-m\libg_nano.a(lib_a-mprec.o)
                0x00004402                __copybits
 .text.__any_on
                0x00004436       0x44 c:/program files (x86)/cypress/psoc creator/3.3/psoc creator/import/gnu/arm/4.9.3/bin/../lib/gcc/arm-none-eabi/4.9.3/../../../../arm-none-eabi/lib/armv7-m\libg_nano.a(lib_a-mprec.o)
                0x00004436                __any_on
 .text._calloc_r
                0x0000447a       0x1c c:/program files (x86)/cypress/psoc creator/3.3/psoc creator/import/gnu/arm/4.9.3/bin/../lib/gcc/arm-none-eabi/4.9.3/../../../../arm-none-eabi/lib/armv7-m\libg_nano.a(lib_a-nano-callocr.o)
                0x0000447a                _calloc_r
 *fill*         0x00004496        0x2 
 .text._free_r  0x00004498       0x88 c:/program files (x86)/cypress/psoc creator/3.3/psoc creator/import/gnu/arm/4.9.3/bin/../lib/gcc/arm-none-eabi/4.9.3/../../../../arm-none-eabi/lib/armv7-m\libg_nano.a(lib_a-nano-freer.o)
                0x00004498                _free_r
 .text._malloc_r
                0x00004520       0xac c:/program files (x86)/cypress/psoc creator/3.3/psoc creator/import/gnu/arm/4.9.3/bin/../lib/gcc/arm-none-eabi/4.9.3/../../../../arm-none-eabi/lib/armv7-m\libg_nano.a(lib_a-nano-mallocr.o)
                0x00004520                _malloc_r
 .text.__ssputs_r
                0x000045cc       0xb2 c:/program files (x86)/cypress/psoc creator/3.3/psoc creator/import/gnu/arm/4.9.3/bin/../lib/gcc/arm-none-eabi/4.9.3/../../../../arm-none-eabi/lib/armv7-m\libg_nano.a(lib_a-nano-svfprintf.o)
                0x000045cc                __ssputs_r
 *fill*         0x0000467e        0x2 
 .text._svfprintf_r
                0x00004680      0x1e4 c:/program files (x86)/cypress/psoc creator/3.3/psoc creator/import/gnu/arm/4.9.3/bin/../lib/gcc/arm-none-eabi/4.9.3/../../../../arm-none-eabi/lib/armv7-m\libg_nano.a(lib_a-nano-svfprintf.o)
                0x00004680                _svfiprintf_r
                0x00004680                _svfprintf_r
 .text._printf_common
                0x00004864       0xea c:/program files (x86)/cypress/psoc creator/3.3/psoc creator/import/gnu/arm/4.9.3/bin/../lib/gcc/arm-none-eabi/4.9.3/../../../../arm-none-eabi/lib/armv7-m\libg_nano.a(lib_a-nano-vfprintf_i.o)
                0x00004864                _printf_common
 *fill*         0x0000494e        0x2 
 .text._printf_i
                0x00004950      0x240 c:/program files (x86)/cypress/psoc creator/3.3/psoc creator/import/gnu/arm/4.9.3/bin/../lib/gcc/arm-none-eabi/4.9.3/../../../../arm-none-eabi/lib/armv7-m\libg_nano.a(lib_a-nano-vfprintf_i.o)
                0x00004950                _printf_i
 .text._sbrk_r  0x00004b90       0x20 c:/program files (x86)/cypress/psoc creator/3.3/psoc creator/import/gnu/arm/4.9.3/bin/../lib/gcc/arm-none-eabi/4.9.3/../../../../arm-none-eabi/lib/armv7-m\libg_nano.a(lib_a-sbrkr.o)
                0x00004b90                _sbrk_r
 .text.strncmp  0x00004bb0       0x32 c:/program files (x86)/cypress/psoc creator/3.3/psoc creator/import/gnu/arm/4.9.3/bin/../lib/gcc/arm-none-eabi/4.9.3/../../../../arm-none-eabi/lib/armv7-m\libg_nano.a(lib_a-strncmp.o)
                0x00004bb0                strncmp
 .text.memchr   0x00004be2       0x1c c:/program files (x86)/cypress/psoc creator/3.3/psoc creator/import/gnu/arm/4.9.3/bin/../lib/gcc/arm-none-eabi/4.9.3/../../../../arm-none-eabi/lib/armv7-m\libg_nano.a(lib_a-memchr.o)
                0x00004be2                memchr
 .text.memmove  0x00004bfe       0x36 c:/program files (x86)/cypress/psoc creator/3.3/psoc creator/import/gnu/arm/4.9.3/bin/../lib/gcc/arm-none-eabi/4.9.3/../../../../arm-none-eabi/lib/armv7-m\libg_nano.a(lib_a-memmove.o)
                0x00004bfe                memmove
 .text._realloc_r
                0x00004c34       0x4c c:/program files (x86)/cypress/psoc creator/3.3/psoc creator/import/gnu/arm/4.9.3/bin/../lib/gcc/arm-none-eabi/4.9.3/../../../../arm-none-eabi/lib/armv7-m\libg_nano.a(lib_a-nano-reallocr.o)
                0x00004c34                _realloc_r
 .text._malloc_usable_size_r
                0x00004c80       0x14 c:/program files (x86)/cypress/psoc creator/3.3/psoc creator/import/gnu/arm/4.9.3/bin/../lib/gcc/arm-none-eabi/4.9.3/../../../../arm-none-eabi/lib/armv7-m\libg_nano.a(lib_a-nano-msizer.o)
                0x00004c80                _malloc_usable_size_r
 .text          0x00004c94      0x110 c:/program files (x86)/cypress/psoc creator/3.3/psoc creator/import/gnu/arm/4.9.3/bin/../lib/gcc/arm-none-eabi/4.9.3/armv7-m\libgcc.a(_arm_cmpdf2.o)
                0x00004c94                __gtdf2
                0x00004c94                __gedf2
                0x00004c9c                __ltdf2
                0x00004c9c                __ledf2
                0x00004ca4                __nedf2
                0x00004ca4                __eqdf2
                0x00004ca4                __cmpdf2
                0x00004d20                __aeabi_cdrcmple
                0x00004d30                __aeabi_cdcmpeq
                0x00004d30                __aeabi_cdcmple
                0x00004d40                __aeabi_dcmpeq
                0x00004d54                __aeabi_dcmplt
                0x00004d68                __aeabi_dcmple
                0x00004d7c                __aeabi_dcmpge
                0x00004d90                __aeabi_dcmpgt
 .text          0x00004da4       0x40 c:/program files (x86)/cypress/psoc creator/3.3/psoc creator/import/gnu/arm/4.9.3/bin/../lib/gcc/arm-none-eabi/4.9.3/armv7-m\libgcc.a(_arm_fixunsdfsi.o)
                0x00004da4                __aeabi_d2uiz
                0x00004da4                __fixunsdfsi
 *(.plt)
 *(.gnu.warning)
 *(.glue_7t)
 .glue_7t       0x00000000        0x0 linker stubs
 *(.glue_7)
 .glue_7        0x00000000        0x0 linker stubs
 *(.vfp11_veneer)
 .vfp11_veneer  0x00000000        0x0 linker stubs
 *(.bootloader)
 *(.ARM.extab* .gnu.linkonce.armextab.*)
 *(.gcc_except_table)

.v4_bx          0x00004de4        0x0
 .v4_bx         0x00000000        0x0 linker stubs

.iplt           0x00004de4        0x0
 .iplt          0x00000000        0x0 c:/program files (x86)/cypress/psoc creator/3.3/psoc creator/import/gnu/arm/4.9.3/bin/../lib/gcc/arm-none-eabi/4.9.3/armv7-m/crtbegin.o

.eh_frame_hdr
 *(.eh_frame_hdr)

.eh_frame       0x00004de4        0x4
 *(.eh_frame)
 .eh_frame      0x00004de4        0x0 c:/program files (x86)/cypress/psoc creator/3.3/psoc creator/import/gnu/arm/4.9.3/bin/../lib/gcc/arm-none-eabi/4.9.3/armv7-m/crtbegin.o
 .eh_frame      0x00004de4        0x0 c:/program files (x86)/cypress/psoc creator/3.3/psoc creator/import/gnu/arm/4.9.3/bin/../lib/gcc/arm-none-eabi/4.9.3/../../../../arm-none-eabi/lib/armv7-m\libg_nano.a(lib_a-strcmp.o)
                                 0x28 (size before relaxing)
 .eh_frame      0x00004de4        0x4 c:/program files (x86)/cypress/psoc creator/3.3/psoc creator/import/gnu/arm/4.9.3/bin/../lib/gcc/arm-none-eabi/4.9.3/armv7-m/crtend.o
                0x00004de8                PROVIDE (__exidx_start, .)

.ARM.exidx
 *(.ARM.exidx* .gnu.linkonce.armexidx.*)
                0x00004de8                __exidx_end = .

.rodata         0x00004de8      0x580
 *(.rodata .rodata.* .gnu.linkonce.r.*)
 .rodata.str1.4
                0x00004de8       0x25 .\CortexM3\ARM_GCC_493\Debug\main.o
                                 0x28 (size before relaxing)
 *fill*         0x00004e0d        0x3 
 .rodata.str1.4
                0x00004e10      0x208 .\CortexM3\ARM_GCC_493\Debug\nimbelink.o
 .rodata.str1.4
                0x00005018       0x2c .\CortexM3\ARM_GCC_493\Debug\CMD_Handler.o
 .rodata        0x00005044       0x50 .\CortexM3\ARM_GCC_493\Debug\Nimbelink 4.0.a(cyfitter_cfg.o)
 .rodata.str1.1
                0x00005094        0x2 c:/program files (x86)/cypress/psoc creator/3.3/psoc creator/import/gnu/arm/4.9.3/bin/../lib/gcc/arm-none-eabi/4.9.3/../../../../arm-none-eabi/lib/armv7-m\libg_nano.a(lib_a-impure.o)
 *fill*         0x00005096        0x2 
 .rodata.fpinan.5309
                0x00005098       0x14 c:/program files (x86)/cypress/psoc creator/3.3/psoc creator/import/gnu/arm/4.9.3/bin/../lib/gcc/arm-none-eabi/4.9.3/../../../../arm-none-eabi/lib/armv7-m\libg_nano.a(lib_a-strtod.o)
 .rodata.str1.1
                0x000050ac        0xc c:/program files (x86)/cypress/psoc creator/3.3/psoc creator/import/gnu/arm/4.9.3/bin/../lib/gcc/arm-none-eabi/4.9.3/../../../../arm-none-eabi/lib/armv7-m\libg_nano.a(lib_a-strtod.o)
 .rodata.tinytens
                0x000050b8       0x28 c:/program files (x86)/cypress/psoc creator/3.3/psoc creator/import/gnu/arm/4.9.3/bin/../lib/gcc/arm-none-eabi/4.9.3/../../../../arm-none-eabi/lib/armv7-m\libg_nano.a(lib_a-strtod.o)
 .rodata.fpi.5273
                0x000050e0       0x14 c:/program files (x86)/cypress/psoc creator/3.3/psoc creator/import/gnu/arm/4.9.3/bin/../lib/gcc/arm-none-eabi/4.9.3/../../../../arm-none-eabi/lib/armv7-m\libg_nano.a(lib_a-strtod.o)
 .rodata._ctype_
                0x000050f4      0x101 c:/program files (x86)/cypress/psoc creator/3.3/psoc creator/import/gnu/arm/4.9.3/bin/../lib/gcc/arm-none-eabi/4.9.3/../../../../arm-none-eabi/lib/armv7-m\libg_nano.a(lib_a-ctype_.o)
                0x000050f4                _ctype_
 .rodata.str1.1
                0x000051f5        0x8 c:/program files (x86)/cypress/psoc creator/3.3/psoc creator/import/gnu/arm/4.9.3/bin/../lib/gcc/arm-none-eabi/4.9.3/../../../../arm-none-eabi/lib/armv7-m\libg_nano.a(lib_a-locale.o)
                                  0xb (size before relaxing)
 *fill*         0x000051fd        0x3 
 .rodata.__mprec_tens
                0x00005200       0xc8 c:/program files (x86)/cypress/psoc creator/3.3/psoc creator/import/gnu/arm/4.9.3/bin/../lib/gcc/arm-none-eabi/4.9.3/../../../../arm-none-eabi/lib/armv7-m\libg_nano.a(lib_a-mprec.o)
                0x00005200                __mprec_tens
 .rodata.__mprec_bigtens
                0x000052c8       0x28 c:/program files (x86)/cypress/psoc creator/3.3/psoc creator/import/gnu/arm/4.9.3/bin/../lib/gcc/arm-none-eabi/4.9.3/../../../../arm-none-eabi/lib/armv7-m\libg_nano.a(lib_a-mprec.o)
                0x000052c8                __mprec_bigtens
 .rodata.p05.5308
                0x000052f0        0xc c:/program files (x86)/cypress/psoc creator/3.3/psoc creator/import/gnu/arm/4.9.3/bin/../lib/gcc/arm-none-eabi/4.9.3/../../../../arm-none-eabi/lib/armv7-m\libg_nano.a(lib_a-mprec.o)
 .rodata.str1.1
                0x000052fc       0x11 c:/program files (x86)/cypress/psoc creator/3.3/psoc creator/import/gnu/arm/4.9.3/bin/../lib/gcc/arm-none-eabi/4.9.3/../../../../arm-none-eabi/lib/armv7-m\libg_nano.a(lib_a-nano-svfprintf.o)
 .rodata.str1.1
                0x0000530d       0x22 c:/program files (x86)/cypress/psoc creator/3.3/psoc creator/import/gnu/arm/4.9.3/bin/../lib/gcc/arm-none-eabi/4.9.3/../../../../arm-none-eabi/lib/armv7-m\libg_nano.a(lib_a-nano-vfprintf_i.o)
                0x00005330                . = ALIGN (0x4)
 *fill*         0x0000532f        0x1 
 *(.init)
 .init          0x00005330        0x4 c:/program files (x86)/cypress/psoc creator/3.3/psoc creator/import/gnu/arm/4.9.3/bin/../lib/gcc/arm-none-eabi/4.9.3/armv7-m/crti.o
                0x00005330                _init
 .init          0x00005334        0x8 c:/program files (x86)/cypress/psoc creator/3.3/psoc creator/import/gnu/arm/4.9.3/bin/../lib/gcc/arm-none-eabi/4.9.3/armv7-m/crtn.o
                0x0000533c                . = ALIGN (0x4)
                0x0000533c                __preinit_array_start = .
 *(.preinit_array)
                0x0000533c                __preinit_array_end = .
                0x0000533c                . = ALIGN (0x4)
                0x0000533c                __init_array_start = .
 *(SORT(.init_array.*))
 *(.init_array)
 .init_array    0x0000533c        0x4 c:/program files (x86)/cypress/psoc creator/3.3/psoc creator/import/gnu/arm/4.9.3/bin/../lib/gcc/arm-none-eabi/4.9.3/armv7-m/crtbegin.o
 .init_array    0x00005340        0x4 .\CortexM3\ARM_GCC_493\Debug\Cm3Start.o
                0x00005344                __init_array_end = .
                0x00005344                . = ALIGN (0x4)
 *(.fini)
 .fini          0x00005344        0x4 c:/program files (x86)/cypress/psoc creator/3.3/psoc creator/import/gnu/arm/4.9.3/bin/../lib/gcc/arm-none-eabi/4.9.3/armv7-m/crti.o
                0x00005344                _fini
 .fini          0x00005348        0x8 c:/program files (x86)/cypress/psoc creator/3.3/psoc creator/import/gnu/arm/4.9.3/bin/../lib/gcc/arm-none-eabi/4.9.3/armv7-m/crtn.o
                0x00005350                . = ALIGN (0x4)
                0x00005350                __fini_array_start = .
 *(.fini_array)
 .fini_array    0x00005350        0x4 c:/program files (x86)/cypress/psoc creator/3.3/psoc creator/import/gnu/arm/4.9.3/bin/../lib/gcc/arm-none-eabi/4.9.3/armv7-m/crtbegin.o
 *(SORT(.fini_array.*))
                0x00005354                __fini_array_end = .
                0x00005354                . = ALIGN (0x4)
 *crtbegin.o(.ctors)
 *(EXCLUDE_FILE(*crtend.o) .ctors)
 *(SORT(.ctors.*))
 *crtend.o(.ctors)
                0x00005354                . = ALIGN (0x4)
 *crtbegin.o(.dtors)
 *(EXCLUDE_FILE(*crtend.o) .dtors)
 *(SORT(.dtors.*))
 *crtend.o(.dtors)
                0x00005354                . = ALIGN (0x4)
                0x00005354                __cy_regions = .
                0x00005354        0x4 LONG 0x5368 __cy_region_init_ram
                0x00005358        0x4 LONG 0x1fff8108 __cy_region_start_data
                0x0000535c        0x4 LONG 0xb8 __cy_region_init_size_ram
                0x00005360        0x4 LONG 0x6a8 __cy_region_zero_size_ram
                0x00005364                __cy_regions_end = .
                0x00005368                . = ALIGN (0x8)
 *fill*         0x00005364        0x4 
                0x00005368                _etext = .

.cy_checksum_exclude
                0x00005368        0x0
 *(.cy_checksum_exclude)

.ramvectors     0x1fff8000      0x100
                0x1fff8000                __cy_region_start_ram = .
 *(.ramvectors)
 .ramvectors    0x1fff8000      0x100 .\CortexM3\ARM_GCC_493\Debug\Cm3Start.o
                0x1fff8000                CyRamVectors

.noinit         0x1fff8100        0x5
 *(.noinit)
 .noinit        0x1fff8100        0x4 .\CortexM3\ARM_GCC_493\Debug\Cm3Start.o
 .noinit        0x1fff8104        0x1 .\CortexM3\ARM_GCC_493\Debug\Nimbelink 4.0.a(CyLib.o)
                0x1fff8104                CyResetStatus

.data           0x1fff8108       0xb8 load address 0x00005368
                0x1fff8108                __cy_region_start_data = .
 *(.jcr)
 .jcr           0x1fff8108        0x0 c:/program files (x86)/cypress/psoc creator/3.3/psoc creator/import/gnu/arm/4.9.3/bin/../lib/gcc/arm-none-eabi/4.9.3/armv7-m/crtbegin.o
 .jcr           0x1fff8108        0x4 c:/program files (x86)/cypress/psoc creator/3.3/psoc creator/import/gnu/arm/4.9.3/bin/../lib/gcc/arm-none-eabi/4.9.3/armv7-m/crtend.o
 *(.got.plt)
 *(.got)
 *(.shdata)
 *(.data .data.* .gnu.linkonce.d.*)
 .data          0x1fff810c        0x4 .\CortexM3\ARM_GCC_493\Debug\Cm3Start.o
 .data          0x1fff8110       0x10 .\CortexM3\ARM_GCC_493\Debug\Nimbelink 4.0.a(CyLib.o)
                0x1fff8110                cydelay_32k_ms
                0x1fff8114                cydelay_freq_khz
                0x1fff8118                cydelay_freq_mhz
                0x1fff811c                cydelay_freq_hz
 .data.impure_data
                0x1fff8120       0x60 c:/program files (x86)/cypress/psoc creator/3.3/psoc creator/import/gnu/arm/4.9.3/bin/../lib/gcc/arm-none-eabi/4.9.3/../../../../arm-none-eabi/lib/armv7-m\libg_nano.a(lib_a-impure.o)
 .data._impure_ptr
                0x1fff8180        0x4 c:/program files (x86)/cypress/psoc creator/3.3/psoc creator/import/gnu/arm/4.9.3/bin/../lib/gcc/arm-none-eabi/4.9.3/../../../../arm-none-eabi/lib/armv7-m\libg_nano.a(lib_a-impure.o)
                0x1fff8180                _impure_ptr
 .data.__ctype_ptr__
                0x1fff8184        0x4 c:/program files (x86)/cypress/psoc creator/3.3/psoc creator/import/gnu/arm/4.9.3/bin/../lib/gcc/arm-none-eabi/4.9.3/../../../../arm-none-eabi/lib/armv7-m\libg_nano.a(lib_a-ctype_.o)
                0x1fff8184                __ctype_ptr__
 .data.lconv    0x1fff8188       0x38 c:/program files (x86)/cypress/psoc creator/3.3/psoc creator/import/gnu/arm/4.9.3/bin/../lib/gcc/arm-none-eabi/4.9.3/../../../../arm-none-eabi/lib/armv7-m\libg_nano.a(lib_a-locale.o)
                0x1fff81c0                . = ALIGN (0x8)
 *(.ram)
                0x1fff81c0                _edata = .

.igot.plt       0x1fff81c0        0x0 load address 0x00005420
 .igot.plt      0x00000000        0x0 c:/program files (x86)/cypress/psoc creator/3.3/psoc creator/import/gnu/arm/4.9.3/bin/../lib/gcc/arm-none-eabi/4.9.3/armv7-m/crtbegin.o

.bss            0x1fff81c0      0x6a8 load address 0x00005420
                0x1fff81c0                PROVIDE (__bss_start__, .)
 *(.shbss)
 *(.bss .bss.* .gnu.linkonce.b.*)
 .bss           0x1fff81c0       0x1c c:/program files (x86)/cypress/psoc creator/3.3/psoc creator/import/gnu/arm/4.9.3/bin/../lib/gcc/arm-none-eabi/4.9.3/armv7-m/crtbegin.o
 .bss           0x1fff81dc        0x9 .\CortexM3\ARM_GCC_493\Debug\Nimbelink 4.0.a(UART_NL.o)
                0x1fff81dc                UART_NL_errorStatus
                0x1fff81dd                UART_NL_initVar
                0x1fff81de                UART_NL_rxBufferRead
                0x1fff81df                UART_NL_rxBufferWrite
                0x1fff81e0                UART_NL_rxBufferLoopDetect
                0x1fff81e1                UART_NL_rxBufferOverflow
                0x1fff81e2                UART_NL_txBufferRead
                0x1fff81e3                UART_NL_txBufferWrite
 .bss           0x1fff81e5        0x4 .\CortexM3\ARM_GCC_493\Debug\Nimbelink 4.0.a(UART_DEBUG.o)
                0x1fff81e5                UART_DEBUG_initVar
                0x1fff81e6                UART_DEBUG_txBufferRead
                0x1fff81e7                UART_DEBUG_txBufferWrite
 .bss           0x1fff81e9        0x9 .\CortexM3\ARM_GCC_493\Debug\Nimbelink 4.0.a(UART_SRV.o)
                0x1fff81e9                UART_SRV_errorStatus
                0x1fff81ea                UART_SRV_initVar
                0x1fff81eb                UART_SRV_rxBufferRead
                0x1fff81ec                UART_SRV_rxBufferWrite
                0x1fff81ed                UART_SRV_rxBufferLoopDetect
                0x1fff81ee                UART_SRV_rxBufferOverflow
                0x1fff81ef                UART_SRV_txBufferRead
                0x1fff81f0                UART_SRV_txBufferWrite
 *fill*         0x1fff81f2        0x2 
 .bss.__malloc_sbrk_start
                0x1fff81f4        0x4 c:/program files (x86)/cypress/psoc creator/3.3/psoc creator/import/gnu/arm/4.9.3/bin/../lib/gcc/arm-none-eabi/4.9.3/../../../../arm-none-eabi/lib/armv7-m\libg_nano.a(lib_a-nano-mallocr.o)
                0x1fff81f4                __malloc_sbrk_start
 .bss.__malloc_free_list
                0x1fff81f8        0x4 c:/program files (x86)/cypress/psoc creator/3.3/psoc creator/import/gnu/arm/4.9.3/bin/../lib/gcc/arm-none-eabi/4.9.3/../../../../arm-none-eabi/lib/armv7-m\libg_nano.a(lib_a-nano-mallocr.o)
                0x1fff81f8                __malloc_free_list
 *(COMMON)
 COMMON         0x1fff81fc      0x380 .\CortexM3\ARM_GCC_493\Debug\nimbelink.o
                0x1fff81fc                cmatoken
                0x1fff8200                recByte
                0x1fff8204                param
                0x1fff8238                GS
                0x1fff8240                infoParse
                0x1fff82b8                nltoken
                0x1fff82bc                sckt
                0x1fff82c0                spctoken
                0x1fff82c4                counter
                0x1fff82c8                msgUART
                0x1fff8360                reply_num
                0x1fff8370                msgParse
                0x1fff84d8                recvdMsg
                0x1fff8570                cmd
 COMMON         0x1fff857c       0xc8 .\CortexM3\ARM_GCC_493\Debug\CMD_Handler.o
                0x1fff857c                RECVD_CMD
 COMMON         0x1fff8644       0x98 .\CortexM3\ARM_GCC_493\Debug\herkulex2.o
                0x1fff8644                playTime
                0x1fff8648                pSize
                0x1fff8649                lengthString
                0x1fff864a                pID
                0x1fff864b                conta
                0x1fff864c                dataEx
                0x1fff8688                data
                0x1fff86a6                ck1
                0x1fff86a8                moveData
                0x1fff86da                XOR
                0x1fff86db                ck2
 COMMON         0x1fff86dc      0x12e .\CortexM3\ARM_GCC_493\Debug\Nimbelink 4.0.a(UART_NL.o)
                0x1fff86dc                UART_NL_rxBuffer
                0x1fff8774                UART_NL_txBuffer
 *fill*         0x1fff880a        0x2 
 COMMON         0x1fff880c       0x32 .\CortexM3\ARM_GCC_493\Debug\Nimbelink 4.0.a(UART_DEBUG.o)
                0x1fff880c                UART_DEBUG_txBuffer
 *fill*         0x1fff883e        0x2 
 COMMON         0x1fff8840       0x1f .\CortexM3\ARM_GCC_493\Debug\Nimbelink 4.0.a(UART_SRV.o)
                0x1fff8840                UART_SRV_rxBuffer
                0x1fff8850                UART_SRV_txBuffer
 *fill*         0x1fff885f        0x1 
 COMMON         0x1fff8860        0x4 c:/program files (x86)/cypress/psoc creator/3.3/psoc creator/import/gnu/arm/4.9.3/bin/../lib/gcc/arm-none-eabi/4.9.3/../../../../arm-none-eabi/lib/armv7-m\libg_nano.a(lib_a-reent.o)
                0x1fff8860                errno
                0x1fff8868                . = ALIGN (0x8)
 *fill*         0x1fff8864        0x4 
 *(.ram.b)
                0x1fff8868                _end = .
                0x1fff8868                __end = .
                0x1fff8868                PROVIDE (end, .)
                0x1fff8868                PROVIDE (__bss_end__, .)
                0x00005368                __cy_region_init_ram = LOADADDR (.data)
                0x000000b8                __cy_region_init_size_ram = (_edata - ADDR (.data))
                0x000006a8                __cy_region_zero_size_ram = (_end - _edata)

.heap           0x1fff8868       0x80 load address 0x00005420
                0x1fff8868                . = _end
                0x1fff88e8                . = (. + 0x80)
 *fill*         0x1fff8868       0x80 
                0x1fff88e8                __cy_heap_limit = .

.stack          0x20007800      0x800
                0x20007800                __cy_stack_limit = .
                0x20008000                . = (. + 0x800)
 *fill*         0x20007800      0x800 
                0x00000001                ASSERT ((__cy_stack_limit >= __cy_heap_limit), region RAM overflowed with stack)
                0x00000000                cy_checksum_exclude_size = (CY_APPL_LOADABLE == 0x1)?SIZEOF (.cy_checksum_exclude):0x0
                0x00000001                ASSERT ((cy_checksum_exclude_size <= CY_CHECKSUM_EXCLUDE_SIZE), CY_BOOT: Section .cy_checksum_exclude size exceedes specified limit.)

.cyloadermeta
 *(.cyloadermeta)

.cyloadablemeta
 *(.cyloadablemeta)

.cyconfigecc    0x80000000      0x820
 *(.cyconfigecc)
 .cyconfigecc   0x80000000      0x820 .\CortexM3\ARM_GCC_493\Debug\cymetadata.o
                0x80000000                cy_meta_configecc

.cycustnvl      0x90000000        0x4
 *(.cycustnvl)
 .cycustnvl     0x90000000        0x4 .\CortexM3\ARM_GCC_493\Debug\cymetadata.o
                0x90000000                cy_meta_custnvl

.cywolatch      0x90100000        0x4
 *(.cywolatch)
 .cywolatch     0x90100000        0x4 .\CortexM3\ARM_GCC_493\Debug\cymetadata.o
                0x90100000                cy_meta_wonvl

.cyeeprom       0x90200000        0x0
 *(.cyeeprom)
                0x00000001                ASSERT ((. <= ((0x90200000 + ee_offset) + ee_size)), .cyeeprom data will not fit in EEPROM)

.cyflashprotect
                0x90400000      0x100
 *(.cyflashprotect)
 .cyflashprotect
                0x90400000      0x100 .\CortexM3\ARM_GCC_493\Debug\cymetadata.o
                0x90400000                cy_meta_flashprotect

.cymeta         0x90500000        0xc
 *(.cymeta)
 .cymeta        0x90500000        0xc .\CortexM3\ARM_GCC_493\Debug\cymetadata.o
                0x90500000                cy_metadata

.rel.dyn        0x00005420        0x0 load address 0x9050000c
 .rel.iplt      0x00000000        0x0 c:/program files (x86)/cypress/psoc creator/3.3/psoc creator/import/gnu/arm/4.9.3/bin/../lib/gcc/arm-none-eabi/4.9.3/armv7-m/crtbegin.o

.stab
 *(.stab)

.stabstr
 *(.stabstr)

.debug
 *(.debug)

.line
 *(.line)

.debug_srcinfo
 *(.debug_srcinfo)

.debug_sfnames
 *(.debug_sfnames)

.debug_aranges  0x00000000      0xd40
 *(.debug_aranges)
 .debug_aranges
                0x00000000       0x20 .\CortexM3\ARM_GCC_493\Debug\main.o
 .debug_aranges
                0x00000020       0xb0 .\CortexM3\ARM_GCC_493\Debug\nimbelink.o
 .debug_aranges
                0x000000d0       0x48 .\CortexM3\ARM_GCC_493\Debug\I2C_EZPZ.o
 .debug_aranges
                0x00000118       0x30 .\CortexM3\ARM_GCC_493\Debug\L3GD20_I2C.o
 .debug_aranges
                0x00000148       0x28 .\CortexM3\ARM_GCC_493\Debug\CMD_Handler.o
 .debug_aranges
                0x00000170      0x100 .\CortexM3\ARM_GCC_493\Debug\herkulex2.o
 .debug_aranges
                0x00000270       0x18 .\CortexM3\ARM_GCC_493\Debug\cymetadata.o
 .debug_aranges
                0x00000288       0x48 .\CortexM3\ARM_GCC_493\Debug\Cm3Start.o
 .debug_aranges
                0x000002d0       0x58 .\CortexM3\ARM_GCC_493\Debug\Nimbelink 4.0.a(cyfitter_cfg.o)
 .debug_aranges
                0x00000328       0x20 .\CortexM3\ARM_GCC_493\Debug\Nimbelink 4.0.a(CyBootAsmGnu.o)
 .debug_aranges
                0x00000348      0x298 .\CortexM3\ARM_GCC_493\Debug\Nimbelink 4.0.a(CyLib.o)
 .debug_aranges
                0x000005e0       0x98 .\CortexM3\ARM_GCC_493\Debug\Nimbelink 4.0.a(cyPm.o)
 .debug_aranges
                0x00000678       0x80 .\CortexM3\ARM_GCC_493\Debug\Nimbelink 4.0.a(I2C_MASTER.o)
 .debug_aranges
                0x000006f8       0x80 .\CortexM3\ARM_GCC_493\Debug\Nimbelink 4.0.a(RX_ISR.o)
 .debug_aranges
                0x00000778       0xf0 .\CortexM3\ARM_GCC_493\Debug\Nimbelink 4.0.a(UART_NL.o)
 .debug_aranges
                0x00000868       0x28 .\CortexM3\ARM_GCC_493\Debug\Nimbelink 4.0.a(UART_NL_INT.o)
 .debug_aranges
                0x00000890       0xa0 .\CortexM3\ARM_GCC_493\Debug\Nimbelink 4.0.a(UART_DEBUG.o)
 .debug_aranges
                0x00000930       0x20 .\CortexM3\ARM_GCC_493\Debug\Nimbelink 4.0.a(UART_DEBUG_INT.o)
 .debug_aranges
                0x00000950       0x70 .\CortexM3\ARM_GCC_493\Debug\Nimbelink 4.0.a(UART_NL_IntClock.o)
 .debug_aranges
                0x000009c0       0x70 .\CortexM3\ARM_GCC_493\Debug\Nimbelink 4.0.a(UART_DEBUG_IntClock.o)
 .debug_aranges
                0x00000a30       0xf0 .\CortexM3\ARM_GCC_493\Debug\Nimbelink 4.0.a(UART_SRV.o)
 .debug_aranges
                0x00000b20       0x28 .\CortexM3\ARM_GCC_493\Debug\Nimbelink 4.0.a(UART_SRV_INT.o)
 .debug_aranges
                0x00000b48       0x70 .\CortexM3\ARM_GCC_493\Debug\Nimbelink 4.0.a(UART_SRV_IntClock.o)
 .debug_aranges
                0x00000bb8       0x80 .\CortexM3\ARM_GCC_493\Debug\Nimbelink 4.0.a(CyFlash.o)
 .debug_aranges
                0x00000c38       0x78 .\CortexM3\ARM_GCC_493\Debug\Nimbelink 4.0.a(CySpc.o)
 .debug_aranges
                0x00000cb0       0x38 .\CortexM3\ARM_GCC_493\Debug\Nimbelink 4.0.a(I2C.o)
 .debug_aranges
                0x00000ce8       0x20 .\CortexM3\ARM_GCC_493\Debug\Nimbelink 4.0.a(I2C_INT.o)
 .debug_aranges
                0x00000d08       0x38 .\CortexM3\ARM_GCC_493\Debug\Nimbelink 4.0.a(I2C_PM.o)

.debug_pubnames
 *(.debug_pubnames)

.debug_info     0x00000000     0x9ba2
 *(.debug_info .gnu.linkonce.wi.*)
 .debug_info    0x00000000      0x209 .\CortexM3\ARM_GCC_493\Debug\main.o
 .debug_info    0x00000209     0x16b2 .\CortexM3\ARM_GCC_493\Debug\nimbelink.o
 .debug_info    0x000018bb      0x61c .\CortexM3\ARM_GCC_493\Debug\I2C_EZPZ.o
 .debug_info    0x00001ed7      0x49c .\CortexM3\ARM_GCC_493\Debug\L3GD20_I2C.o
 .debug_info    0x00002373      0x49c .\CortexM3\ARM_GCC_493\Debug\CMD_Handler.o
 .debug_info    0x0000280f     0x11f7 .\CortexM3\ARM_GCC_493\Debug\herkulex2.o
 .debug_info    0x00003a06      0x13f .\CortexM3\ARM_GCC_493\Debug\cymetadata.o
 .debug_info    0x00003b45      0x3a5 .\CortexM3\ARM_GCC_493\Debug\Cm3Start.o
 .debug_info    0x00003eea      0x5d7 .\CortexM3\ARM_GCC_493\Debug\Nimbelink 4.0.a(cyfitter_cfg.o)
 .debug_info    0x000044c1       0x9c .\CortexM3\ARM_GCC_493\Debug\Nimbelink 4.0.a(CyBootAsmGnu.o)
 .debug_info    0x0000455d     0x1371 .\CortexM3\ARM_GCC_493\Debug\Nimbelink 4.0.a(CyLib.o)
 .debug_info    0x000058ce      0xa58 .\CortexM3\ARM_GCC_493\Debug\Nimbelink 4.0.a(cyPm.o)
 .debug_info    0x00006326      0x400 .\CortexM3\ARM_GCC_493\Debug\Nimbelink 4.0.a(I2C_MASTER.o)
 .debug_info    0x00006726      0x2cb .\CortexM3\ARM_GCC_493\Debug\Nimbelink 4.0.a(RX_ISR.o)
 .debug_info    0x000069f1      0x7d2 .\CortexM3\ARM_GCC_493\Debug\Nimbelink 4.0.a(UART_NL.o)
 .debug_info    0x000071c3      0x17f .\CortexM3\ARM_GCC_493\Debug\Nimbelink 4.0.a(UART_NL_INT.o)
 .debug_info    0x00007342      0x545 .\CortexM3\ARM_GCC_493\Debug\Nimbelink 4.0.a(UART_DEBUG.o)
 .debug_info    0x00007887       0xef .\CortexM3\ARM_GCC_493\Debug\Nimbelink 4.0.a(UART_DEBUG_INT.o)
 .debug_info    0x00007976      0x283 .\CortexM3\ARM_GCC_493\Debug\Nimbelink 4.0.a(UART_NL_IntClock.o)
 .debug_info    0x00007bf9      0x283 .\CortexM3\ARM_GCC_493\Debug\Nimbelink 4.0.a(UART_DEBUG_IntClock.o)
 .debug_info    0x00007e7c      0x7d2 .\CortexM3\ARM_GCC_493\Debug\Nimbelink 4.0.a(UART_SRV.o)
 .debug_info    0x0000864e      0x17f .\CortexM3\ARM_GCC_493\Debug\Nimbelink 4.0.a(UART_SRV_INT.o)
 .debug_info    0x000087cd      0x283 .\CortexM3\ARM_GCC_493\Debug\Nimbelink 4.0.a(UART_SRV_IntClock.o)
 .debug_info    0x00008a50      0x60a .\CortexM3\ARM_GCC_493\Debug\Nimbelink 4.0.a(CyFlash.o)
 .debug_info    0x0000905a      0x4f0 .\CortexM3\ARM_GCC_493\Debug\Nimbelink 4.0.a(CySpc.o)
 .debug_info    0x0000954a      0x2db .\CortexM3\ARM_GCC_493\Debug\Nimbelink 4.0.a(I2C.o)
 .debug_info    0x00009825      0x17f .\CortexM3\ARM_GCC_493\Debug\Nimbelink 4.0.a(I2C_INT.o)
 .debug_info    0x000099a4      0x1fe .\CortexM3\ARM_GCC_493\Debug\Nimbelink 4.0.a(I2C_PM.o)

.debug_abbrev   0x00000000     0x27d0
 *(.debug_abbrev)
 .debug_abbrev  0x00000000      0x10d .\CortexM3\ARM_GCC_493\Debug\main.o
 .debug_abbrev  0x0000010d      0x2b3 .\CortexM3\ARM_GCC_493\Debug\nimbelink.o
 .debug_abbrev  0x000003c0      0x186 .\CortexM3\ARM_GCC_493\Debug\I2C_EZPZ.o
 .debug_abbrev  0x00000546      0x17f .\CortexM3\ARM_GCC_493\Debug\L3GD20_I2C.o
 .debug_abbrev  0x000006c5      0x186 .\CortexM3\ARM_GCC_493\Debug\CMD_Handler.o
 .debug_abbrev  0x0000084b      0x241 .\CortexM3\ARM_GCC_493\Debug\herkulex2.o
 .debug_abbrev  0x00000a8c       0x77 .\CortexM3\ARM_GCC_493\Debug\cymetadata.o
 .debug_abbrev  0x00000b03      0x20f .\CortexM3\ARM_GCC_493\Debug\Cm3Start.o
 .debug_abbrev  0x00000d12      0x212 .\CortexM3\ARM_GCC_493\Debug\Nimbelink 4.0.a(cyfitter_cfg.o)
 .debug_abbrev  0x00000f24       0x14 .\CortexM3\ARM_GCC_493\Debug\Nimbelink 4.0.a(CyBootAsmGnu.o)
 .debug_abbrev  0x00000f38      0x296 .\CortexM3\ARM_GCC_493\Debug\Nimbelink 4.0.a(CyLib.o)
 .debug_abbrev  0x000011ce      0x1ed .\CortexM3\ARM_GCC_493\Debug\Nimbelink 4.0.a(cyPm.o)
 .debug_abbrev  0x000013bb      0x13c .\CortexM3\ARM_GCC_493\Debug\Nimbelink 4.0.a(I2C_MASTER.o)
 .debug_abbrev  0x000014f7      0x173 .\CortexM3\ARM_GCC_493\Debug\Nimbelink 4.0.a(RX_ISR.o)
 .debug_abbrev  0x0000166a      0x1b8 .\CortexM3\ARM_GCC_493\Debug\Nimbelink 4.0.a(UART_NL.o)
 .debug_abbrev  0x00001822       0xa2 .\CortexM3\ARM_GCC_493\Debug\Nimbelink 4.0.a(UART_NL_INT.o)
 .debug_abbrev  0x000018c4      0x1b8 .\CortexM3\ARM_GCC_493\Debug\Nimbelink 4.0.a(UART_DEBUG.o)
 .debug_abbrev  0x00001a7c       0x79 .\CortexM3\ARM_GCC_493\Debug\Nimbelink 4.0.a(UART_DEBUG_INT.o)
 .debug_abbrev  0x00001af5      0x139 .\CortexM3\ARM_GCC_493\Debug\Nimbelink 4.0.a(UART_NL_IntClock.o)
 .debug_abbrev  0x00001c2e      0x139 .\CortexM3\ARM_GCC_493\Debug\Nimbelink 4.0.a(UART_DEBUG_IntClock.o)
 .debug_abbrev  0x00001d67      0x1b8 .\CortexM3\ARM_GCC_493\Debug\Nimbelink 4.0.a(UART_SRV.o)
 .debug_abbrev  0x00001f1f       0xa2 .\CortexM3\ARM_GCC_493\Debug\Nimbelink 4.0.a(UART_SRV_INT.o)
 .debug_abbrev  0x00001fc1      0x139 .\CortexM3\ARM_GCC_493\Debug\Nimbelink 4.0.a(UART_SRV_IntClock.o)
 .debug_abbrev  0x000020fa      0x1d1 .\CortexM3\ARM_GCC_493\Debug\Nimbelink 4.0.a(CyFlash.o)
 .debug_abbrev  0x000022cb      0x1c1 .\CortexM3\ARM_GCC_493\Debug\Nimbelink 4.0.a(CySpc.o)
 .debug_abbrev  0x0000248c      0x15c .\CortexM3\ARM_GCC_493\Debug\Nimbelink 4.0.a(I2C.o)
 .debug_abbrev  0x000025e8       0xbd .\CortexM3\ARM_GCC_493\Debug\Nimbelink 4.0.a(I2C_INT.o)
 .debug_abbrev  0x000026a5      0x12b .\CortexM3\ARM_GCC_493\Debug\Nimbelink 4.0.a(I2C_PM.o)

.debug_line     0x00000000     0x3d75
 *(.debug_line)
 .debug_line    0x00000000      0x1d3 .\CortexM3\ARM_GCC_493\Debug\main.o
 .debug_line    0x000001d3      0x4be .\CortexM3\ARM_GCC_493\Debug\nimbelink.o
 .debug_line    0x00000691      0x2df .\CortexM3\ARM_GCC_493\Debug\I2C_EZPZ.o
 .debug_line    0x00000970      0x216 .\CortexM3\ARM_GCC_493\Debug\L3GD20_I2C.o
 .debug_line    0x00000b86      0x1c8 .\CortexM3\ARM_GCC_493\Debug\CMD_Handler.o
 .debug_line    0x00000d4e      0x61d .\CortexM3\ARM_GCC_493\Debug\herkulex2.o
 .debug_line    0x0000136b       0x53 .\CortexM3\ARM_GCC_493\Debug\cymetadata.o
 .debug_line    0x000013be      0x249 .\CortexM3\ARM_GCC_493\Debug\Cm3Start.o
 .debug_line    0x00001607      0x205 .\CortexM3\ARM_GCC_493\Debug\Nimbelink 4.0.a(cyfitter_cfg.o)
 .debug_line    0x0000180c       0x68 .\CortexM3\ARM_GCC_493\Debug\Nimbelink 4.0.a(CyBootAsmGnu.o)
 .debug_line    0x00001874      0x806 .\CortexM3\ARM_GCC_493\Debug\Nimbelink 4.0.a(CyLib.o)
 .debug_line    0x0000207a      0x366 .\CortexM3\ARM_GCC_493\Debug\Nimbelink 4.0.a(cyPm.o)
 .debug_line    0x000023e0      0x1ff .\CortexM3\ARM_GCC_493\Debug\Nimbelink 4.0.a(I2C_MASTER.o)
 .debug_line    0x000025df      0x14c .\CortexM3\ARM_GCC_493\Debug\Nimbelink 4.0.a(RX_ISR.o)
 .debug_line    0x0000272b      0x343 .\CortexM3\ARM_GCC_493\Debug\Nimbelink 4.0.a(UART_NL.o)
 .debug_line    0x00002a6e       0xac .\CortexM3\ARM_GCC_493\Debug\Nimbelink 4.0.a(UART_NL_INT.o)
 .debug_line    0x00002b1a      0x239 .\CortexM3\ARM_GCC_493\Debug\Nimbelink 4.0.a(UART_DEBUG.o)
 .debug_line    0x00002d53       0x8b .\CortexM3\ARM_GCC_493\Debug\Nimbelink 4.0.a(UART_DEBUG_INT.o)
 .debug_line    0x00002dde      0x198 .\CortexM3\ARM_GCC_493\Debug\Nimbelink 4.0.a(UART_NL_IntClock.o)
 .debug_line    0x00002f76      0x19b .\CortexM3\ARM_GCC_493\Debug\Nimbelink 4.0.a(UART_DEBUG_IntClock.o)
 .debug_line    0x00003111      0x345 .\CortexM3\ARM_GCC_493\Debug\Nimbelink 4.0.a(UART_SRV.o)
 .debug_line    0x00003456       0xae .\CortexM3\ARM_GCC_493\Debug\Nimbelink 4.0.a(UART_SRV_INT.o)
 .debug_line    0x00003504      0x199 .\CortexM3\ARM_GCC_493\Debug\Nimbelink 4.0.a(UART_SRV_IntClock.o)
 .debug_line    0x0000369d      0x1ec .\CortexM3\ARM_GCC_493\Debug\Nimbelink 4.0.a(CyFlash.o)
 .debug_line    0x00003889      0x23e .\CortexM3\ARM_GCC_493\Debug\Nimbelink 4.0.a(CySpc.o)
 .debug_line    0x00003ac7       0xdb .\CortexM3\ARM_GCC_493\Debug\Nimbelink 4.0.a(I2C.o)
 .debug_line    0x00003ba2      0x116 .\CortexM3\ARM_GCC_493\Debug\Nimbelink 4.0.a(I2C_INT.o)
 .debug_line    0x00003cb8       0xbd .\CortexM3\ARM_GCC_493\Debug\Nimbelink 4.0.a(I2C_PM.o)

.debug_frame    0x00000000     0x2d60
 *(.debug_frame)
 .debug_frame   0x00000000       0x2c .\CortexM3\ARM_GCC_493\Debug\main.o
 .debug_frame   0x0000002c      0x240 .\CortexM3\ARM_GCC_493\Debug\nimbelink.o
 .debug_frame   0x0000026c       0xd4 .\CortexM3\ARM_GCC_493\Debug\I2C_EZPZ.o
 .debug_frame   0x00000340       0x78 .\CortexM3\ARM_GCC_493\Debug\L3GD20_I2C.o
 .debug_frame   0x000003b8       0x50 .\CortexM3\ARM_GCC_493\Debug\CMD_Handler.o
 .debug_frame   0x00000408      0x484 .\CortexM3\ARM_GCC_493\Debug\herkulex2.o
 .debug_frame   0x0000088c       0xac .\CortexM3\ARM_GCC_493\Debug\Cm3Start.o
 .debug_frame   0x00000938       0xe4 .\CortexM3\ARM_GCC_493\Debug\Nimbelink 4.0.a(cyfitter_cfg.o)
 .debug_frame   0x00000a1c      0x728 .\CortexM3\ARM_GCC_493\Debug\Nimbelink 4.0.a(CyLib.o)
 .debug_frame   0x00001144      0x1f8 .\CortexM3\ARM_GCC_493\Debug\Nimbelink 4.0.a(cyPm.o)
 .debug_frame   0x0000133c      0x138 .\CortexM3\ARM_GCC_493\Debug\Nimbelink 4.0.a(I2C_MASTER.o)
 .debug_frame   0x00001474      0x104 .\CortexM3\ARM_GCC_493\Debug\Nimbelink 4.0.a(RX_ISR.o)
 .debug_frame   0x00001578      0x25c .\CortexM3\ARM_GCC_493\Debug\Nimbelink 4.0.a(UART_NL.o)
 .debug_frame   0x000017d4       0x30 .\CortexM3\ARM_GCC_493\Debug\Nimbelink 4.0.a(UART_NL_INT.o)
 .debug_frame   0x00001804      0x1a4 .\CortexM3\ARM_GCC_493\Debug\Nimbelink 4.0.a(UART_DEBUG.o)
 .debug_frame   0x000019a8       0x20 .\CortexM3\ARM_GCC_493\Debug\Nimbelink 4.0.a(UART_DEBUG_INT.o)
 .debug_frame   0x000019c8       0xe0 .\CortexM3\ARM_GCC_493\Debug\Nimbelink 4.0.a(UART_NL_IntClock.o)
 .debug_frame   0x00001aa8       0xe0 .\CortexM3\ARM_GCC_493\Debug\Nimbelink 4.0.a(UART_DEBUG_IntClock.o)
 .debug_frame   0x00001b88      0x25c .\CortexM3\ARM_GCC_493\Debug\Nimbelink 4.0.a(UART_SRV.o)
 .debug_frame   0x00001de4       0x30 .\CortexM3\ARM_GCC_493\Debug\Nimbelink 4.0.a(UART_SRV_INT.o)
 .debug_frame   0x00001e14       0xe0 .\CortexM3\ARM_GCC_493\Debug\Nimbelink 4.0.a(UART_SRV_IntClock.o)
 .debug_frame   0x00001ef4      0x174 .\CortexM3\ARM_GCC_493\Debug\Nimbelink 4.0.a(CyFlash.o)
 .debug_frame   0x00002068      0x160 .\CortexM3\ARM_GCC_493\Debug\Nimbelink 4.0.a(CySpc.o)
 .debug_frame   0x000021c8       0x94 .\CortexM3\ARM_GCC_493\Debug\Nimbelink 4.0.a(I2C.o)
 .debug_frame   0x0000225c       0x30 .\CortexM3\ARM_GCC_493\Debug\Nimbelink 4.0.a(I2C_INT.o)
 .debug_frame   0x0000228c       0x74 .\CortexM3\ARM_GCC_493\Debug\Nimbelink 4.0.a(I2C_PM.o)
 .debug_frame   0x00002300       0x20 c:/program files (x86)/cypress/psoc creator/3.3/psoc creator/import/gnu/arm/4.9.3/bin/../lib/gcc/arm-none-eabi/4.9.3/../../../../arm-none-eabi/lib/armv7-m\libg_nano.a(lib_a-atof.o)
 .debug_frame   0x00002320       0x30 c:/program files (x86)/cypress/psoc creator/3.3/psoc creator/import/gnu/arm/4.9.3/bin/../lib/gcc/arm-none-eabi/4.9.3/../../../../arm-none-eabi/lib/armv7-m\libg_nano.a(lib_a-atoi.o)
 .debug_frame   0x00002350       0x20 c:/program files (x86)/cypress/psoc creator/3.3/psoc creator/import/gnu/arm/4.9.3/bin/../lib/gcc/arm-none-eabi/4.9.3/../../../../arm-none-eabi/lib/armv7-m\libg_nano.a(lib_a-errno.o)
 .debug_frame   0x00002370       0x28 c:/program files (x86)/cypress/psoc creator/3.3/psoc creator/import/gnu/arm/4.9.3/bin/../lib/gcc/arm-none-eabi/4.9.3/../../../../arm-none-eabi/lib/armv7-m\libg_nano.a(lib_a-exit.o)
 .debug_frame   0x00002398       0x2c c:/program files (x86)/cypress/psoc creator/3.3/psoc creator/import/gnu/arm/4.9.3/bin/../lib/gcc/arm-none-eabi/4.9.3/../../../../arm-none-eabi/lib/armv7-m\libg_nano.a(lib_a-init.o)
 .debug_frame   0x000023c4       0x28 c:/program files (x86)/cypress/psoc creator/3.3/psoc creator/import/gnu/arm/4.9.3/bin/../lib/gcc/arm-none-eabi/4.9.3/../../../../arm-none-eabi/lib/armv7-m\libg_nano.a(lib_a-memcpy.o)
 .debug_frame   0x000023ec       0x20 c:/program files (x86)/cypress/psoc creator/3.3/psoc creator/import/gnu/arm/4.9.3/bin/../lib/gcc/arm-none-eabi/4.9.3/../../../../arm-none-eabi/lib/armv7-m\libg_nano.a(lib_a-memset.o)
 .debug_frame   0x0000240c       0x70 c:/program files (x86)/cypress/psoc creator/3.3/psoc creator/import/gnu/arm/4.9.3/bin/../lib/gcc/arm-none-eabi/4.9.3/../../../../arm-none-eabi/lib/armv7-m\libg_nano.a(lib_a-sprintf.o)
 .debug_frame   0x0000247c       0x28 c:/program files (x86)/cypress/psoc creator/3.3/psoc creator/import/gnu/arm/4.9.3/bin/../lib/gcc/arm-none-eabi/4.9.3/../../../../arm-none-eabi/lib/armv7-m\libg_nano.a(lib_a-strcat.o)
 .debug_frame   0x000024a4       0x20 c:/program files (x86)/cypress/psoc creator/3.3/psoc creator/import/gnu/arm/4.9.3/bin/../lib/gcc/arm-none-eabi/4.9.3/../../../../arm-none-eabi/lib/armv7-m\libg_nano.a(lib_a-strcpy.o)
 .debug_frame   0x000024c4       0x20 c:/program files (x86)/cypress/psoc creator/3.3/psoc creator/import/gnu/arm/4.9.3/bin/../lib/gcc/arm-none-eabi/4.9.3/../../../../arm-none-eabi/lib/armv7-m\libg_nano.a(lib_a-strlen.o)
 .debug_frame   0x000024e4       0x2c c:/program files (x86)/cypress/psoc creator/3.3/psoc creator/import/gnu/arm/4.9.3/bin/../lib/gcc/arm-none-eabi/4.9.3/../../../../arm-none-eabi/lib/armv7-m\libg_nano.a(lib_a-strstr.o)
 .debug_frame   0x00002510       0xb4 c:/program files (x86)/cypress/psoc creator/3.3/psoc creator/import/gnu/arm/4.9.3/bin/../lib/gcc/arm-none-eabi/4.9.3/../../../../arm-none-eabi/lib/armv7-m\libg_nano.a(lib_a-strtod.o)
 .debug_frame   0x000025c4       0x38 c:/program files (x86)/cypress/psoc creator/3.3/psoc creator/import/gnu/arm/4.9.3/bin/../lib/gcc/arm-none-eabi/4.9.3/../../../../arm-none-eabi/lib/armv7-m\libg_nano.a(lib_a-strtok.o)
 .debug_frame   0x000025fc       0x40 c:/program files (x86)/cypress/psoc creator/3.3/psoc creator/import/gnu/arm/4.9.3/bin/../lib/gcc/arm-none-eabi/4.9.3/../../../../arm-none-eabi/lib/armv7-m\libg_nano.a(lib_a-strtok_r.o)
 .debug_frame   0x0000263c       0x54 c:/program files (x86)/cypress/psoc creator/3.3/psoc creator/import/gnu/arm/4.9.3/bin/../lib/gcc/arm-none-eabi/4.9.3/../../../../arm-none-eabi/lib/armv7-m\libg_nano.a(lib_a-strtol.o)
 .debug_frame   0x00002690       0x70 c:/program files (x86)/cypress/psoc creator/3.3/psoc creator/import/gnu/arm/4.9.3/bin/../lib/gcc/arm-none-eabi/4.9.3/../../../../arm-none-eabi/lib/armv7-m\libg_nano.a(lib_a-gdtoa-gethex.o)
 .debug_frame   0x00002700       0x58 c:/program files (x86)/cypress/psoc creator/3.3/psoc creator/import/gnu/arm/4.9.3/bin/../lib/gcc/arm-none-eabi/4.9.3/../../../../arm-none-eabi/lib/armv7-m\libg_nano.a(lib_a-gdtoa-hexnan.o)
 .debug_frame   0x00002758       0x98 c:/program files (x86)/cypress/psoc creator/3.3/psoc creator/import/gnu/arm/4.9.3/bin/../lib/gcc/arm-none-eabi/4.9.3/../../../../arm-none-eabi/lib/armv7-m\libg_nano.a(lib_a-locale.o)
 .debug_frame   0x000027f0       0x30 c:/program files (x86)/cypress/psoc creator/3.3/psoc creator/import/gnu/arm/4.9.3/bin/../lib/gcc/arm-none-eabi/4.9.3/../../../../arm-none-eabi/lib/armv7-m\libg_nano.a(lib_a-malloc.o)
 .debug_frame   0x00002820      0x230 c:/program files (x86)/cypress/psoc creator/3.3/psoc creator/import/gnu/arm/4.9.3/bin/../lib/gcc/arm-none-eabi/4.9.3/../../../../arm-none-eabi/lib/armv7-m\libg_nano.a(lib_a-mprec.o)
 .debug_frame   0x00002a50       0x2c c:/program files (x86)/cypress/psoc creator/3.3/psoc creator/import/gnu/arm/4.9.3/bin/../lib/gcc/arm-none-eabi/4.9.3/../../../../arm-none-eabi/lib/armv7-m\libg_nano.a(lib_a-nano-callocr.o)
 .debug_frame   0x00002a7c       0x2c c:/program files (x86)/cypress/psoc creator/3.3/psoc creator/import/gnu/arm/4.9.3/bin/../lib/gcc/arm-none-eabi/4.9.3/../../../../arm-none-eabi/lib/armv7-m\libg_nano.a(lib_a-nano-freer.o)
 .debug_frame   0x00002aa8       0x2c c:/program files (x86)/cypress/psoc creator/3.3/psoc creator/import/gnu/arm/4.9.3/bin/../lib/gcc/arm-none-eabi/4.9.3/../../../../arm-none-eabi/lib/armv7-m\libg_nano.a(lib_a-nano-mallocr.o)
 .debug_frame   0x00002ad4       0x8c c:/program files (x86)/cypress/psoc creator/3.3/psoc creator/import/gnu/arm/4.9.3/bin/../lib/gcc/arm-none-eabi/4.9.3/../../../../arm-none-eabi/lib/armv7-m\libg_nano.a(lib_a-nano-svfprintf.o)
 .debug_frame   0x00002b60       0x58 c:/program files (x86)/cypress/psoc creator/3.3/psoc creator/import/gnu/arm/4.9.3/bin/../lib/gcc/arm-none-eabi/4.9.3/../../../../arm-none-eabi/lib/armv7-m\libg_nano.a(lib_a-nano-vfprintf_i.o)
 .debug_frame   0x00002bb8       0x28 c:/program files (x86)/cypress/psoc creator/3.3/psoc creator/import/gnu/arm/4.9.3/bin/../lib/gcc/arm-none-eabi/4.9.3/../../../../arm-none-eabi/lib/armv7-m\libg_nano.a(lib_a-s_fpclassify.o)
 .debug_frame   0x00002be0       0x2c c:/program files (x86)/cypress/psoc creator/3.3/psoc creator/import/gnu/arm/4.9.3/bin/../lib/gcc/arm-none-eabi/4.9.3/../../../../arm-none-eabi/lib/armv7-m\libg_nano.a(lib_a-sbrkr.o)
 .debug_frame   0x00002c0c       0x20 c:/program files (x86)/cypress/psoc creator/3.3/psoc creator/import/gnu/arm/4.9.3/bin/../lib/gcc/arm-none-eabi/4.9.3/../../../../arm-none-eabi/lib/armv7-m\libg_nano.a(lib_a-sf_nan.o)
 .debug_frame   0x00002c2c       0x2c c:/program files (x86)/cypress/psoc creator/3.3/psoc creator/import/gnu/arm/4.9.3/bin/../lib/gcc/arm-none-eabi/4.9.3/../../../../arm-none-eabi/lib/armv7-m\libg_nano.a(lib_a-strncmp.o)
 .debug_frame   0x00002c58       0x28 c:/program files (x86)/cypress/psoc creator/3.3/psoc creator/import/gnu/arm/4.9.3/bin/../lib/gcc/arm-none-eabi/4.9.3/../../../../arm-none-eabi/lib/armv7-m\libg_nano.a(lib_a-memchr.o)
 .debug_frame   0x00002c80       0x28 c:/program files (x86)/cypress/psoc creator/3.3/psoc creator/import/gnu/arm/4.9.3/bin/../lib/gcc/arm-none-eabi/4.9.3/../../../../arm-none-eabi/lib/armv7-m\libg_nano.a(lib_a-memmove.o)
 .debug_frame   0x00002ca8       0x3c c:/program files (x86)/cypress/psoc creator/3.3/psoc creator/import/gnu/arm/4.9.3/bin/../lib/gcc/arm-none-eabi/4.9.3/../../../../arm-none-eabi/lib/armv7-m\libg_nano.a(lib_a-nano-reallocr.o)
 .debug_frame   0x00002ce4       0x5c c:/program files (x86)/cypress/psoc creator/3.3/psoc creator/import/gnu/arm/4.9.3/bin/../lib/gcc/arm-none-eabi/4.9.3/../../../../arm-none-eabi/lib/armv7-m\libg_nano.a(lib_a-reent.o)
 .debug_frame   0x00002d40       0x20 c:/program files (x86)/cypress/psoc creator/3.3/psoc creator/import/gnu/arm/4.9.3/bin/../lib/gcc/arm-none-eabi/4.9.3/../../../../arm-none-eabi/lib/armv7-m\libg_nano.a(lib_a-nano-msizer.o)

.debug_str      0x00000000     0x2f1f
 *(.debug_str)
 .debug_str     0x00000000      0x206 .\CortexM3\ARM_GCC_493\Debug\main.o
                                0x24e (size before relaxing)
 .debug_str     0x00000206      0x2cb .\CortexM3\ARM_GCC_493\Debug\nimbelink.o
                                0x4f5 (size before relaxing)
 .debug_str     0x000004d1       0xde .\CortexM3\ARM_GCC_493\Debug\I2C_EZPZ.o
                                0x291 (size before relaxing)
 .debug_str     0x000005af      0x381 .\CortexM3\ARM_GCC_493\Debug\L3GD20_I2C.o
                                0x567 (size before relaxing)
 .debug_str     0x00000930       0x84 .\CortexM3\ARM_GCC_493\Debug\CMD_Handler.o
                                0x262 (size before relaxing)
 .debug_str     0x000009b4      0x2ec .\CortexM3\ARM_GCC_493\Debug\herkulex2.o
                                0x4f3 (size before relaxing)
 .debug_str     0x00000ca0       0x77 .\CortexM3\ARM_GCC_493\Debug\cymetadata.o
                                0x1f6 (size before relaxing)
 .debug_str     0x00000d17      0x158 .\CortexM3\ARM_GCC_493\Debug\Cm3Start.o
                                0x30a (size before relaxing)
 .debug_str     0x00000e6f      0x17e .\CortexM3\ARM_GCC_493\Debug\Nimbelink 4.0.a(cyfitter_cfg.o)
                                0x344 (size before relaxing)
 .debug_str     0x00000fed      0x824 .\CortexM3\ARM_GCC_493\Debug\Nimbelink 4.0.a(CyLib.o)
                                0xa2f (size before relaxing)
 .debug_str     0x00001811      0x35b .\CortexM3\ARM_GCC_493\Debug\Nimbelink 4.0.a(cyPm.o)
                                0x727 (size before relaxing)
 .debug_str     0x00001b6c      0x1a3 .\CortexM3\ARM_GCC_493\Debug\Nimbelink 4.0.a(I2C_MASTER.o)
                                0x3a4 (size before relaxing)
 .debug_str     0x00001d0f       0xe2 .\CortexM3\ARM_GCC_493\Debug\Nimbelink 4.0.a(RX_ISR.o)
                                0x2b4 (size before relaxing)
 .debug_str     0x00001df1      0x386 .\CortexM3\ARM_GCC_493\Debug\Nimbelink 4.0.a(UART_NL.o)
                                0x61d (size before relaxing)
 .debug_str     0x00002177       0x60 .\CortexM3\ARM_GCC_493\Debug\Nimbelink 4.0.a(UART_NL_INT.o)
                                0x2ad (size before relaxing)
 .debug_str     0x000021d7      0x1e2 .\CortexM3\ARM_GCC_493\Debug\Nimbelink 4.0.a(UART_DEBUG.o)
                                0x4bc (size before relaxing)
 .debug_str     0x000023b9       0x3b .\CortexM3\ARM_GCC_493\Debug\Nimbelink 4.0.a(UART_DEBUG_INT.o)
                                0x204 (size before relaxing)
 .debug_str     0x000023f4      0x1a3 .\CortexM3\ARM_GCC_493\Debug\Nimbelink 4.0.a(UART_NL_IntClock.o)
                                0x366 (size before relaxing)
 .debug_str     0x00002597      0x176 .\CortexM3\ARM_GCC_493\Debug\Nimbelink 4.0.a(UART_DEBUG_IntClock.o)
                                0x38a (size before relaxing)
 .debug_str     0x0000270d      0x2f5 .\CortexM3\ARM_GCC_493\Debug\Nimbelink 4.0.a(UART_SRV.o)
                                0x645 (size before relaxing)
 .debug_str     0x00002a02       0x46 .\CortexM3\ARM_GCC_493\Debug\Nimbelink 4.0.a(UART_SRV_INT.o)
                                0x2b9 (size before relaxing)
 .debug_str     0x00002a48      0x162 .\CortexM3\ARM_GCC_493\Debug\Nimbelink 4.0.a(UART_SRV_IntClock.o)
                                0x372 (size before relaxing)
 .debug_str     0x00002baa      0x197 .\CortexM3\ARM_GCC_493\Debug\Nimbelink 4.0.a(CyFlash.o)
                                0x3a1 (size before relaxing)
 .debug_str     0x00002d41       0xae .\CortexM3\ARM_GCC_493\Debug\Nimbelink 4.0.a(CySpc.o)
                                0x32a (size before relaxing)
 .debug_str     0x00002def       0xa6 .\CortexM3\ARM_GCC_493\Debug\Nimbelink 4.0.a(I2C.o)
                                0x2ee (size before relaxing)
 .debug_str     0x00002e95       0x32 .\CortexM3\ARM_GCC_493\Debug\Nimbelink 4.0.a(I2C_INT.o)
                                0x25f (size before relaxing)
 .debug_str     0x00002ec7       0x58 .\CortexM3\ARM_GCC_493\Debug\Nimbelink 4.0.a(I2C_PM.o)
                                0x27d (size before relaxing)

.debug_loc      0x00000000     0x424e
 *(.debug_loc)
 .debug_loc     0x00000000      0x35b .\CortexM3\ARM_GCC_493\Debug\nimbelink.o
 .debug_loc     0x0000035b      0x267 .\CortexM3\ARM_GCC_493\Debug\I2C_EZPZ.o
 .debug_loc     0x000005c2       0xcf .\CortexM3\ARM_GCC_493\Debug\L3GD20_I2C.o
 .debug_loc     0x00000691      0x107 .\CortexM3\ARM_GCC_493\Debug\CMD_Handler.o
 .debug_loc     0x00000798      0xeba .\CortexM3\ARM_GCC_493\Debug\herkulex2.o
 .debug_loc     0x00001652      0x144 .\CortexM3\ARM_GCC_493\Debug\Cm3Start.o
 .debug_loc     0x00001796      0x289 .\CortexM3\ARM_GCC_493\Debug\Nimbelink 4.0.a(cyfitter_cfg.o)
 .debug_loc     0x00001a1f      0xa11 .\CortexM3\ARM_GCC_493\Debug\Nimbelink 4.0.a(CyLib.o)
 .debug_loc     0x00002430      0x1e4 .\CortexM3\ARM_GCC_493\Debug\Nimbelink 4.0.a(cyPm.o)
 .debug_loc     0x00002614      0x52f .\CortexM3\ARM_GCC_493\Debug\Nimbelink 4.0.a(I2C_MASTER.o)
 .debug_loc     0x00002b43       0x56 .\CortexM3\ARM_GCC_493\Debug\Nimbelink 4.0.a(RX_ISR.o)
 .debug_loc     0x00002b99      0x36c .\CortexM3\ARM_GCC_493\Debug\Nimbelink 4.0.a(UART_NL.o)
 .debug_loc     0x00002f05       0x45 .\CortexM3\ARM_GCC_493\Debug\Nimbelink 4.0.a(UART_NL_INT.o)
 .debug_loc     0x00002f4a      0x215 .\CortexM3\ARM_GCC_493\Debug\Nimbelink 4.0.a(UART_DEBUG.o)
 .debug_loc     0x0000315f      0x12c .\CortexM3\ARM_GCC_493\Debug\Nimbelink 4.0.a(UART_NL_IntClock.o)
 .debug_loc     0x0000328b      0x128 .\CortexM3\ARM_GCC_493\Debug\Nimbelink 4.0.a(UART_DEBUG_IntClock.o)
 .debug_loc     0x000033b3      0x36c .\CortexM3\ARM_GCC_493\Debug\Nimbelink 4.0.a(UART_SRV.o)
 .debug_loc     0x0000371f       0x45 .\CortexM3\ARM_GCC_493\Debug\Nimbelink 4.0.a(UART_SRV_INT.o)
 .debug_loc     0x00003764      0x128 .\CortexM3\ARM_GCC_493\Debug\Nimbelink 4.0.a(UART_SRV_IntClock.o)
 .debug_loc     0x0000388c      0x300 .\CortexM3\ARM_GCC_493\Debug\Nimbelink 4.0.a(CyFlash.o)
 .debug_loc     0x00003b8c      0x64d .\CortexM3\ARM_GCC_493\Debug\Nimbelink 4.0.a(CySpc.o)
 .debug_loc     0x000041d9       0x39 .\CortexM3\ARM_GCC_493\Debug\Nimbelink 4.0.a(I2C.o)
 .debug_loc     0x00004212       0x29 .\CortexM3\ARM_GCC_493\Debug\Nimbelink 4.0.a(I2C_INT.o)
 .debug_loc     0x0000423b       0x13 .\CortexM3\ARM_GCC_493\Debug\Nimbelink 4.0.a(I2C_PM.o)

.debug_macinfo
 *(.debug_macinfo)

.debug_ranges   0x00000000      0xb68
 *(.debug_ranges)
 .debug_ranges  0x00000000       0x10 .\CortexM3\ARM_GCC_493\Debug\main.o
 .debug_ranges  0x00000010       0xa0 .\CortexM3\ARM_GCC_493\Debug\nimbelink.o
 .debug_ranges  0x000000b0       0x38 .\CortexM3\ARM_GCC_493\Debug\I2C_EZPZ.o
 .debug_ranges  0x000000e8       0x20 .\CortexM3\ARM_GCC_493\Debug\L3GD20_I2C.o
 .debug_ranges  0x00000108       0x18 .\CortexM3\ARM_GCC_493\Debug\CMD_Handler.o
 .debug_ranges  0x00000120       0xf0 .\CortexM3\ARM_GCC_493\Debug\herkulex2.o
 .debug_ranges  0x00000210       0x38 .\CortexM3\ARM_GCC_493\Debug\Cm3Start.o
 .debug_ranges  0x00000248       0x48 .\CortexM3\ARM_GCC_493\Debug\Nimbelink 4.0.a(cyfitter_cfg.o)
 .debug_ranges  0x00000290      0x288 .\CortexM3\ARM_GCC_493\Debug\Nimbelink 4.0.a(CyLib.o)
 .debug_ranges  0x00000518       0x88 .\CortexM3\ARM_GCC_493\Debug\Nimbelink 4.0.a(cyPm.o)
 .debug_ranges  0x000005a0       0x70 .\CortexM3\ARM_GCC_493\Debug\Nimbelink 4.0.a(I2C_MASTER.o)
 .debug_ranges  0x00000610       0x70 .\CortexM3\ARM_GCC_493\Debug\Nimbelink 4.0.a(RX_ISR.o)
 .debug_ranges  0x00000680       0xe0 .\CortexM3\ARM_GCC_493\Debug\Nimbelink 4.0.a(UART_NL.o)
 .debug_ranges  0x00000760       0x18 .\CortexM3\ARM_GCC_493\Debug\Nimbelink 4.0.a(UART_NL_INT.o)
 .debug_ranges  0x00000778       0x90 .\CortexM3\ARM_GCC_493\Debug\Nimbelink 4.0.a(UART_DEBUG.o)
 .debug_ranges  0x00000808       0x10 .\CortexM3\ARM_GCC_493\Debug\Nimbelink 4.0.a(UART_DEBUG_INT.o)
 .debug_ranges  0x00000818       0x60 .\CortexM3\ARM_GCC_493\Debug\Nimbelink 4.0.a(UART_NL_IntClock.o)
 .debug_ranges  0x00000878       0x60 .\CortexM3\ARM_GCC_493\Debug\Nimbelink 4.0.a(UART_DEBUG_IntClock.o)
 .debug_ranges  0x000008d8       0xe0 .\CortexM3\ARM_GCC_493\Debug\Nimbelink 4.0.a(UART_SRV.o)
 .debug_ranges  0x000009b8       0x18 .\CortexM3\ARM_GCC_493\Debug\Nimbelink 4.0.a(UART_SRV_INT.o)
 .debug_ranges  0x000009d0       0x60 .\CortexM3\ARM_GCC_493\Debug\Nimbelink 4.0.a(UART_SRV_IntClock.o)
 .debug_ranges  0x00000a30       0x70 .\CortexM3\ARM_GCC_493\Debug\Nimbelink 4.0.a(CyFlash.o)
 .debug_ranges  0x00000aa0       0x68 .\CortexM3\ARM_GCC_493\Debug\Nimbelink 4.0.a(CySpc.o)
 .debug_ranges  0x00000b08       0x28 .\CortexM3\ARM_GCC_493\Debug\Nimbelink 4.0.a(I2C.o)
 .debug_ranges  0x00000b30       0x10 .\CortexM3\ARM_GCC_493\Debug\Nimbelink 4.0.a(I2C_INT.o)
 .debug_ranges  0x00000b40       0x28 .\CortexM3\ARM_GCC_493\Debug\Nimbelink 4.0.a(I2C_PM.o)

.comment        0x00000000       0x70
 .comment       0x00000000       0x70 .\CortexM3\ARM_GCC_493\Debug\main.o
                                 0x71 (size before relaxing)
 .comment       0x00000000       0x71 .\CortexM3\ARM_GCC_493\Debug\nimbelink.o
 .comment       0x00000000       0x71 .\CortexM3\ARM_GCC_493\Debug\I2C_EZPZ.o
 .comment       0x00000000       0x71 .\CortexM3\ARM_GCC_493\Debug\L3GD20_I2C.o
 .comment       0x00000000       0x71 .\CortexM3\ARM_GCC_493\Debug\CMD_Handler.o
 .comment       0x00000000       0x71 .\CortexM3\ARM_GCC_493\Debug\herkulex2.o
 .comment       0x00000000       0x71 .\CortexM3\ARM_GCC_493\Debug\cymetadata.o
 .comment       0x00000000       0x71 .\CortexM3\ARM_GCC_493\Debug\Cm3Start.o
 .comment       0x00000000       0x71 .\CortexM3\ARM_GCC_493\Debug\Nimbelink 4.0.a(cyfitter_cfg.o)
 .comment       0x00000000       0x71 .\CortexM3\ARM_GCC_493\Debug\Nimbelink 4.0.a(CyLib.o)
 .comment       0x00000000       0x71 .\CortexM3\ARM_GCC_493\Debug\Nimbelink 4.0.a(cyPm.o)
 .comment       0x00000000       0x71 .\CortexM3\ARM_GCC_493\Debug\Nimbelink 4.0.a(I2C_MASTER.o)
 .comment       0x00000000       0x71 .\CortexM3\ARM_GCC_493\Debug\Nimbelink 4.0.a(RX_ISR.o)
 .comment       0x00000000       0x71 .\CortexM3\ARM_GCC_493\Debug\Nimbelink 4.0.a(UART_NL.o)
 .comment       0x00000000       0x71 .\CortexM3\ARM_GCC_493\Debug\Nimbelink 4.0.a(UART_NL_INT.o)
 .comment       0x00000000       0x71 .\CortexM3\ARM_GCC_493\Debug\Nimbelink 4.0.a(UART_DEBUG.o)
 .comment       0x00000000       0x71 .\CortexM3\ARM_GCC_493\Debug\Nimbelink 4.0.a(UART_DEBUG_INT.o)
 .comment       0x00000000       0x71 .\CortexM3\ARM_GCC_493\Debug\Nimbelink 4.0.a(UART_NL_IntClock.o)
 .comment       0x00000000       0x71 .\CortexM3\ARM_GCC_493\Debug\Nimbelink 4.0.a(UART_DEBUG_IntClock.o)
 .comment       0x00000000       0x71 .\CortexM3\ARM_GCC_493\Debug\Nimbelink 4.0.a(UART_SRV.o)
 .comment       0x00000000       0x71 .\CortexM3\ARM_GCC_493\Debug\Nimbelink 4.0.a(UART_SRV_INT.o)
 .comment       0x00000000       0x71 .\CortexM3\ARM_GCC_493\Debug\Nimbelink 4.0.a(UART_SRV_IntClock.o)
 .comment       0x00000000       0x71 .\CortexM3\ARM_GCC_493\Debug\Nimbelink 4.0.a(CyFlash.o)
 .comment       0x00000000       0x71 .\CortexM3\ARM_GCC_493\Debug\Nimbelink 4.0.a(CySpc.o)
 .comment       0x00000000       0x71 .\CortexM3\ARM_GCC_493\Debug\Nimbelink 4.0.a(I2C.o)
 .comment       0x00000000       0x71 .\CortexM3\ARM_GCC_493\Debug\Nimbelink 4.0.a(I2C_INT.o)
 .comment       0x00000000       0x71 .\CortexM3\ARM_GCC_493\Debug\Nimbelink 4.0.a(I2C_PM.o)

.debug_weaknames
 *(.debug_weaknames)

.debug_funcnames
 *(.debug_funcnames)

.debug_typenames
 *(.debug_typenames)

.debug_varnames
 *(.debug_varnames)

.note.gnu.arm.ident
 *(.note.gnu.arm.ident)

.ARM.attributes
                0x00000000       0x29
 *(.ARM.attributes)
 .ARM.attributes
                0x00000000       0x1d c:/program files (x86)/cypress/psoc creator/3.3/psoc creator/import/gnu/arm/4.9.3/bin/../lib/gcc/arm-none-eabi/4.9.3/armv7-m/crti.o
 .ARM.attributes
                0x0000001d       0x2d c:/program files (x86)/cypress/psoc creator/3.3/psoc creator/import/gnu/arm/4.9.3/bin/../lib/gcc/arm-none-eabi/4.9.3/armv7-m/crtbegin.o
 .ARM.attributes
                0x0000004a       0x1b c:/program files (x86)/cypress/psoc creator/3.3/psoc creator/import/gnu/arm/4.9.3/bin/../lib/gcc/arm-none-eabi/4.9.3/../../../../arm-none-eabi/lib/armv7-m/crt0.o
 .ARM.attributes
                0x00000065       0x33 .\CortexM3\ARM_GCC_493\Debug\main.o
 .ARM.attributes
                0x00000098       0x33 .\CortexM3\ARM_GCC_493\Debug\nimbelink.o
 .ARM.attributes
                0x000000cb       0x33 .\CortexM3\ARM_GCC_493\Debug\I2C_EZPZ.o
 .ARM.attributes
                0x000000fe       0x33 .\CortexM3\ARM_GCC_493\Debug\L3GD20_I2C.o
 .ARM.attributes
                0x00000131       0x33 .\CortexM3\ARM_GCC_493\Debug\CMD_Handler.o
 .ARM.attributes
                0x00000164       0x33 .\CortexM3\ARM_GCC_493\Debug\herkulex2.o
 .ARM.attributes
                0x00000197       0x33 .\CortexM3\ARM_GCC_493\Debug\cymetadata.o
 .ARM.attributes
                0x000001ca       0x33 .\CortexM3\ARM_GCC_493\Debug\Cm3Start.o
 .ARM.attributes
                0x000001fd       0x33 .\CortexM3\ARM_GCC_493\Debug\Nimbelink 4.0.a(cyfitter_cfg.o)
 .ARM.attributes
                0x00000230       0x21 .\CortexM3\ARM_GCC_493\Debug\Nimbelink 4.0.a(CyBootAsmGnu.o)
 .ARM.attributes
                0x00000251       0x33 .\CortexM3\ARM_GCC_493\Debug\Nimbelink 4.0.a(CyLib.o)
 .ARM.attributes
                0x00000284       0x33 .\CortexM3\ARM_GCC_493\Debug\Nimbelink 4.0.a(cyPm.o)
 .ARM.attributes
                0x000002b7       0x33 .\CortexM3\ARM_GCC_493\Debug\Nimbelink 4.0.a(I2C_MASTER.o)
 .ARM.attributes
                0x000002ea       0x33 .\CortexM3\ARM_GCC_493\Debug\Nimbelink 4.0.a(RX_ISR.o)
 .ARM.attributes
                0x0000031d       0x33 .\CortexM3\ARM_GCC_493\Debug\Nimbelink 4.0.a(UART_NL.o)
 .ARM.attributes
                0x00000350       0x33 .\CortexM3\ARM_GCC_493\Debug\Nimbelink 4.0.a(UART_NL_INT.o)
 .ARM.attributes
                0x00000383       0x33 .\CortexM3\ARM_GCC_493\Debug\Nimbelink 4.0.a(UART_DEBUG.o)
 .ARM.attributes
                0x000003b6       0x33 .\CortexM3\ARM_GCC_493\Debug\Nimbelink 4.0.a(UART_DEBUG_INT.o)
 .ARM.attributes
                0x000003e9       0x33 .\CortexM3\ARM_GCC_493\Debug\Nimbelink 4.0.a(UART_NL_IntClock.o)
 .ARM.attributes
                0x0000041c       0x33 .\CortexM3\ARM_GCC_493\Debug\Nimbelink 4.0.a(UART_DEBUG_IntClock.o)
 .ARM.attributes
                0x0000044f       0x33 .\CortexM3\ARM_GCC_493\Debug\Nimbelink 4.0.a(UART_SRV.o)
 .ARM.attributes
                0x00000482       0x33 .\CortexM3\ARM_GCC_493\Debug\Nimbelink 4.0.a(UART_SRV_INT.o)
 .ARM.attributes